thirdorder_vasp.py sow 4 4 4 -5 > thirdorder.sow.log
Reading POSCAR
Analyzing the symmetries
- Symmetry group b'Fd-3m' detected
- 48 symmetry operations
Creating the supercell
Computing all distances in the supercell
- Automatic cutoff: 0.6328431505251483 nm
Looking for an irreducible set of third-order IFCs
- 18 triplet equivalence classes found
- 132 DFT runs are needed

.d88888b   .88888.  dP   dP   dP
88.    "' d8'   `8b 88   88   88
`Y88888b. 88     88 88  .8P  .8P
      `8b 88     88 88  d8'  d8'
d8'   .8P Y8.   .8P 88.d8P8.d8P
 Y88888P   `8888P'  8888' Y88'
ooooooooooooooooooooooooooooooooo

Writing undisplaced coordinates to 3RD.SPOSCAR
Writing displaced coordinates to 3RD.POSCAR.*

888888ba   .88888.  888888ba   88888888b
88    `8b d8'   `8b 88    `8b  88
88     88 88     88 88     88 a88aaaa
88     88 88     88 88     88  88
88    .8P Y8.   .8P 88     88  88
8888888P   `8888P'  dP     dP  88888888P
ooooooooooooooooooooooooooooooooooooooooo
