An NVIDIA GPU may be present on this machine, but a CUDA-enabled jaxlib is not installed. Falling back to cpu.
Preparing independent FC2 fitting parameterization
Creating reference supercell with matrix [[2, 0, 0], [0, 2, 0], [0, 0, 2]]
- 8 primitive atoms, 64 supercell atoms
Resolving the interaction cutoff
- Cutoff radius: 6.2820000000 Å
Analyzing crystal symmetries
- Space group Fm-3m
- 192 symmetry operations
Finding symmetry-inequivalent order-2 interaction clusters
- 6 cluster equivalence classes
- 12 independent tensor parameters
- FC2: 6 orbits, 12 parameters
- Joint parameter count: 12
Training-data diagnostics (inputs are not recentered)
- Maximum reference force: 0.0000000000e+00 eV/Å
- Maximum snapshot net force: 4.2345506132e-15 eV/Å
- Maximum center-of-mass displacement: 4.8880178488e-16 Å
Constraint system: 2 rows after duplicate removal (72 ASR before compression)
Explicit constraint parameterization: 12 -> 10 parameters in 4 blocks, rank=2, nnz=20
- Prepared JAX feature program: 4 signatures, 4 tiles, 0.4 MiB static buffers
Accumulating streamed Gram system: 10 x 10 (0.0 MiB), effective_batch_size=1, backend=SciPy/OpenBLAS CPU
- Physical design kernel groups: 4, 4 bounded tiles
- Compiled FC2 physical design kernel in 0.12 s
- Compiled FC2 physical design kernel in 0.08 s
- Compiled FC2 physical design kernel in 0.09 s
- Compiled FC2 physical design kernel in 0.08 s
- Gram structures: 1/100, elapsed=0.38 s
- Gram structures: 20/100, elapsed=0.39 s
- Gram structures: 40/100, elapsed=0.41 s
- Gram structures: 60/100, elapsed=0.42 s
- Gram structures: 80/100, elapsed=0.44 s
- Gram structures: 100/100, elapsed=0.45 s
- Streamed Gram system ready in 0.45 s
- Gram phase timing: kernel=0.42 s, transfer=0.00 s, scatter=0.01 s, constraint reduction=0.01 s, BLAS=0.00 s
Column-norm preconditioning in constrained coordinates
- Inverse column scale: 1.790169e-01 to 9.553268e-01
Solving the force-only least-squares problem with streamed Gram
- Equations: 19200, unknowns: 10
- Maximum joint constraint residual: 2.775558e-17
Force fitting summary
- Training relative error: 13.311458 %
- Validation relative error: 13.311458 %
- Training force RMSE: 2.8291452101e-03 eV/Å
- Validation force RMSE: 2.8291452101e-03 eV/Å
- FC2 force contribution RMS: 2.1064316453e-02 eV/Å
- JAX execution guard: 1 prepared program, 4 signatures, 4 tiles, Gram passes=1, prediction passes=0
- Solver iterations=9, stop_code=0
- Omitted Taylor FC1: maximum=0.0000000000e+00 eV/Å, net=0.0000000000e+00 eV/Å
Expanding fitted Taylor parameters into sparse physical IFCs
- Expanded 216 sparse tensors in 0.00 s
Primitive cell:
    Formula: ClK
    Cell:
        [  0.00000   3.14600   3.14600]
        [  3.14600   0.00000   3.14600]
        [  3.14600   3.14600   0.00000]
    Basis:
        K   [  0.00000   0.00000   0.00000]
        Cl  [  0.50000   0.50000   0.50000]

Crystal symmetry:
    Spacegroup:          Fm-3m (225)
    Unique site:         2
    Symmetry operations: 48
    symprec:             1.00e-05

Cutoffs:
    Maximum cutoff: 6.282
    Found 2 center atoms with 44 images totaling 46 atoms

Clusters:
    Clusters: {2: 53}
    Total number of clusters: 53

Orbits:
    Orbits: {2: 6}
    Total number of orbits: 6

Eigentensors:
    Eigentensors: {2: 12}
    Total number of parameters: 12

Constraints:
    Acoustic: True
    Number of degrees of freedom: {2: 10}
    Total number of degrees of freedom: 10
MLFCS export view: cache miss; constructing new view
MLFCS export view: constructed in 0.024424 s
MLFCS export view: cache hit; reusing existing view
{
  "cutoff_A": 6.282,
  "snapshots": 100,
  "displacement_A": 0.01,
  "mlfcs_force_rmse_eV_per_A": 0.0028291452101168344,
  "hiphive_force_rmse_eV_per_A": 0.0028291452101168297,
  "fc2_max_abs_eV_per_A2": 3.9599508394605465e-09,
  "fc2_relative_frobenius": 7.524988780253425e-09,
  "mlfcs_fit_rmse_eV_per_A": 0.00282914521011678,
  "hiphive_fit_rmse_eV_per_A": 0.0028291452101168297
}
