An NVIDIA GPU may be present on this machine, but a CUDA-enabled jaxlib is not installed. Falling back to cpu.
INFO mlfcs.fitting.fitter: Preparing independent FC2 fitting parameterization
INFO mlfcs.interactions.space: Creating reference supercell with matrix [[7, 0, 0], [0, 7, 0], [0, 0, 1]]
INFO mlfcs.interactions.space: 2 primitive atoms, 98 supercell atoms
INFO mlfcs.interactions.space: Resolving the interaction cutoff
INFO mlfcs.interactions.space: Cutoff radius: 8.0000000000 Å
INFO mlfcs.interactions.space: Analyzing crystal symmetries
INFO mlfcs.interactions.space: Space group P6/mmm
INFO mlfcs.interactions.space: 24 symmetry operations
INFO mlfcs.interactions.space: Finding symmetry-inequivalent order-2 interaction clusters
INFO mlfcs.interactions.space: 15 cluster equivalence classes
INFO mlfcs.interactions.space: 54 independent tensor parameters
INFO mlfcs.interactions.space: Maximum body order: 2
INFO mlfcs.fitting.fitter: - FC2: 15 orbits, 54 parameters
INFO mlfcs.fitting.fitter: - Joint parameter count: 54
INFO mlfcs.fitting.linear_solvers: Explicit constraint parameterization: 54 -> 52 parameters in 2 blocks, rank=2, nnz=97
INFO mlfcs.fitting.design_operator: - Prepared JAX feature program: 5 signatures, 5 tiles, 0.1 MiB static buffers
INFO mlfcs.fitting.gram.builder: Accumulating streamed Gram system: 52 x 52 (0.0 MiB), effective_batch_size=1, backend=SciPy/OpenBLAS CPU
INFO mlfcs.fitting.gram.builder: - Physical design kernel groups: 5, 5 bounded tiles
INFO mlfcs.fitting.gram.builder: - Compiled FC2 physical design kernel in 0.11 s
INFO mlfcs.fitting.gram.builder: - Compiled FC2 physical design kernel in 0.08 s
INFO mlfcs.fitting.gram.builder: - Compiled FC2 physical design kernel in 0.07 s
INFO mlfcs.fitting.gram.builder: - Compiled FC2 physical design kernel in 0.09 s
INFO mlfcs.fitting.gram.builder: - Compiled FC2 physical design kernel in 0.08 s
INFO mlfcs.fitting.gram.builder: - Gram structures: 1/1, elapsed=0.43 s
INFO mlfcs.fitting.gram.builder: - Streamed Gram system ready in 0.43 s
INFO mlfcs.fitting.gram.builder: - Gram phase timing: kernel=0.42 s, transfer=0.00 s, scatter=0.00 s, constraint reduction=0.00 s, BLAS=0.00 s
INFO mlfcs.fitting.fitter: Constraint system: 2 rows after duplicate removal (18 ASR before compression)
INFO mlfcs.fitting.fitter: Column-norm preconditioning in constrained coordinates
INFO mlfcs.fitting.fitter: - Inverse column scale: 3.630560e+01 to 2.336307e+02
INFO mlfcs.fitting.fitter: Solving the force-only least-squares problem with streamed Gram
INFO mlfcs.fitting.fitter: - Equations: 294, unknowns: 52
INFO mlfcs.fitting.fitter: - Maximum joint constraint residual: 1.070650e-15
INFO mlfcs.fitting.fitter: Force fitting summary
INFO mlfcs.fitting.fitter: - Training relative error: 1.050576 %
INFO mlfcs.fitting.fitter: - Training force RMSE: 1.9715479490e-04 eV/Å
INFO mlfcs.fitting.fitter: - JAX execution guard: 1 prepared program, independent Gram statistics
INFO mlfcs.fitting.fitter: - Solver iterations=17, stop_code=0
INFO mlfcs.fitting.fitter: Expanding fitted Taylor parameters into sparse physical IFCs
INFO mlfcs.fitting.fitter: - Expanded 158 sparse tensors in 0.00 s
INFO mlfcs.force_constants.realization: Export view cache miss; constructing new view
INFO mlfcs.force_constants.realization: Export view cache hit; reusing existing view
