An NVIDIA GPU may be present on this machine, but a CUDA-enabled jaxlib is not installed. Falling back to cpu.
INFO mlfcs.fitting.fitter: Preparing independent FC2 fitting parameterization
INFO mlfcs.interactions.space: Creating reference supercell with matrix [[8, 0, 0], [0, 8, 0], [0, 0, 1]]
INFO mlfcs.interactions.space: 3 primitive atoms, 192 supercell atoms
INFO mlfcs.interactions.space: Resolving the interaction cutoff
INFO mlfcs.interactions.space: Cutoff radius: 8.0000000000 Å
INFO mlfcs.interactions.space: Analyzing crystal symmetries
INFO mlfcs.interactions.space: Space group P-6m2
INFO mlfcs.interactions.space: 12 symmetry operations
INFO mlfcs.interactions.space: Finding symmetry-inequivalent order-2 interaction clusters
INFO mlfcs.interactions.space: 17 cluster equivalence classes
INFO mlfcs.interactions.space: 84 independent tensor parameters
INFO mlfcs.interactions.space: Maximum body order: 2
INFO mlfcs.fitting.fitter: - FC2: 17 orbits, 84 parameters
INFO mlfcs.fitting.fitter: - Joint parameter count: 84
INFO mlfcs.fitting.fitter: Training-data diagnostics (inputs are not recentered)
INFO mlfcs.fitting.fitter: - Maximum reference force: 0.0000000000e+00 eV/Å
INFO mlfcs.fitting.fitter: - Maximum snapshot net force: 1.1532562312e-07 eV/Å
INFO mlfcs.fitting.fitter: - Maximum center-of-mass displacement: 7.4352091557e-03 Å
INFO mlfcs.fitting.fitter: Constraint system: 4 rows after duplicate removal (27 ASR before compression)
INFO mlfcs.fitting.linear_solvers: Explicit constraint parameterization: 84 -> 80 parameters in 32 blocks, rank=4, nnz=143
INFO mlfcs.fitting.design_operator: - Prepared JAX feature program: 7 signatures, 7 tiles, 0.2 MiB static buffers
INFO mlfcs.fitting.gram_system: Accumulating streamed Gram system: 80 x 80 (0.0 MiB), effective_batch_size=1, backend=SciPy/OpenBLAS CPU
INFO mlfcs.fitting.gram_system: - Physical design kernel groups: 7, 7 bounded tiles
INFO mlfcs.fitting.gram_system: - Compiled FC2 physical design kernel in 0.12 s
INFO mlfcs.fitting.gram_system: - Compiled FC2 physical design kernel in 0.07 s
INFO mlfcs.fitting.gram_system: - Compiled FC2 physical design kernel in 0.08 s
INFO mlfcs.fitting.gram_system: - Compiled FC2 physical design kernel in 0.08 s
INFO mlfcs.fitting.gram_system: - Compiled FC2 physical design kernel in 0.08 s
INFO mlfcs.fitting.gram_system: - Compiled FC2 physical design kernel in 0.09 s
INFO mlfcs.fitting.gram_system: - Compiled FC2 physical design kernel in 0.09 s
INFO mlfcs.fitting.gram_system: - Gram structures: 1/4, elapsed=0.60 s
INFO mlfcs.fitting.gram_system: - Gram structures: 4/4, elapsed=0.61 s
INFO mlfcs.fitting.gram_system: - Streamed Gram system ready in 0.61 s
INFO mlfcs.fitting.gram_system: - Gram phase timing: kernel=0.61 s, transfer=0.00 s, scatter=0.00 s, constraint reduction=0.00 s, BLAS=0.00 s
INFO mlfcs.fitting.fitter: Column-norm preconditioning in constrained coordinates
INFO mlfcs.fitting.fitter: - Inverse column scale: 2.862631e-01 to 1.856524e+00
INFO mlfcs.fitting.fitter: Solving the force-only least-squares problem with streamed Gram
INFO mlfcs.fitting.fitter: - Equations: 2304, unknowns: 80
INFO mlfcs.fitting.fitter: - Maximum joint constraint residual: 8.569534e-16
INFO mlfcs.fitting.fitter: Force fitting summary
INFO mlfcs.fitting.fitter: - Training relative error: 10.213626 %
INFO mlfcs.fitting.fitter: - Validation relative error: 9.583294 %
INFO mlfcs.fitting.fitter: - Training force RMSE: 6.6940127430e-02 eV/Å
INFO mlfcs.fitting.fitter: - Validation force RMSE: 6.0020490587e-02 eV/Å
INFO mlfcs.fitting.fitter: - FC2 force contribution RMS: 6.5197274750e-01 eV/Å
INFO mlfcs.fitting.fitter: - JAX execution guard: 1 prepared program, 7 signatures, 7 tiles, Gram passes=1, prediction passes=1
INFO mlfcs.fitting.fitter: - Solver iterations=27, stop_code=0
INFO mlfcs.fitting.fitter: Expanding fitted Taylor parameters into sparse physical IFCs
INFO mlfcs.fitting.fitter: - Expanded 179 sparse tensors in 0.00 s
INFO mlfcs.force_constants.realization: Export view cache miss; constructing new view
INFO mlfcs.force_constants.realization: Export view cache hit; reusing existing view
