Time[ps]    Etot/N[eV]   Epot/N[eV]   Ekin/N[eV]    T[K]
0.0000           0.1174       0.0000       0.1174   908.1
0.0250           0.1160       0.0461       0.0699   541.0
0.0500           0.1165       0.0651       0.0513   397.1
0.0750           0.1170       0.0538       0.0632   488.6
0.1000           0.1182       0.0759       0.0423   327.5
0.1250           0.1191       0.0818       0.0373   288.7
0.1500           0.1200       0.0648       0.0552   427.1
0.1750           0.1203       0.0669       0.0534   412.8
0.2000           0.1225       0.0553       0.0671   519.4
0.2250           0.1219       0.0525       0.0694   537.2
0.2500           0.1211       0.0622       0.0589   455.6
0.2750           0.1219       0.0623       0.0596   460.8
0.3000           0.1226       0.0607       0.0619   479.2
0.3250           0.1225       0.0655       0.0570   441.0
0.3500           0.1233       0.0645       0.0588   454.7
0.3750           0.1239       0.0609       0.0631   488.0
0.4000           0.1239       0.0601       0.0638   493.5
0.4250           0.1243       0.0599       0.0643   497.8
0.4500           0.1242       0.0589       0.0654   505.6
0.4750           0.1253       0.0628       0.0624   482.9
0.5000           0.1260       0.0627       0.0633   489.6
0.5250           0.1261       0.0622       0.0640   495.0
0.5500           0.1273       0.0641       0.0632   489.3
0.5750           0.1278       0.0645       0.0634   490.4
0.6000           0.1267       0.0637       0.0630   487.5
0.6250           0.1262       0.0666       0.0596   461.3
0.6500           0.1264       0.0614       0.0650   502.7
0.6750           0.1268       0.0602       0.0666   515.1
0.7000           0.1272       0.0638       0.0634   490.1
0.7250           0.1270       0.0632       0.0638   493.4
0.7500           0.1280       0.0650       0.0631   487.9
0.7750           0.1282       0.0687       0.0595   460.7
0.8000           0.1289       0.0674       0.0614   475.4
0.8250           0.1291       0.0685       0.0606   468.9
0.8500           0.1294       0.0654       0.0640   494.8
0.8750           0.1307       0.0617       0.0690   533.9
0.9000           0.1310       0.0646       0.0664   513.4
0.9250           0.1306       0.0647       0.0659   510.2
0.9500           0.1314       0.0619       0.0695   537.9
0.9750           0.1312       0.0674       0.0637   493.0
1.0000           0.1319       0.0677       0.0642   496.7
1.0250           0.1323       0.0628       0.0695   537.6
1.0500           0.1323       0.0644       0.0678   524.9
1.0750           0.1328       0.0669       0.0660   510.3
1.1000           0.1327       0.0661       0.0666   515.5
1.1250           0.1321       0.0681       0.0641   495.7
1.1500           0.1332       0.0689       0.0643   497.3
1.1750           0.1335       0.0668       0.0666   515.5
1.2000           0.1337       0.0689       0.0648   501.3
1.2250           0.1346       0.0666       0.0680   526.2
1.2500           0.1345       0.0641       0.0703   544.2
1.2750           0.1354       0.0674       0.0680   526.3
1.3000           0.1354       0.0671       0.0683   528.8
1.3250           0.1347       0.0659       0.0688   532.0
1.3500           0.1355       0.0699       0.0656   507.2
1.3750           0.1360       0.0690       0.0670   518.3
1.4000           0.1366       0.0676       0.0691   534.2
1.4250           0.1369       0.0675       0.0694   536.9
1.4500           0.1369       0.0652       0.0716   554.1
1.4750           0.1372       0.0655       0.0718   555.3
1.5000           0.1368       0.0714       0.0654   506.2
1.5250           0.1363       0.0698       0.0665   514.6
1.5500           0.1360       0.0674       0.0686   530.3
1.5750           0.1364       0.0679       0.0685   530.1
1.6000           0.1366       0.0663       0.0703   544.2
1.6250           0.1373       0.0668       0.0705   545.7
1.6500           0.1364       0.0682       0.0682   527.5
1.6750           0.1373       0.0682       0.0691   534.9
1.7000           0.1381       0.0710       0.0672   519.6
1.7250           0.1374       0.0729       0.0645   499.1
1.7500           0.1377       0.0707       0.0671   518.8
1.7750           0.1388       0.0726       0.0662   512.1
1.8000           0.1390       0.0689       0.0701   542.4
1.8250           0.1392       0.0691       0.0702   542.7
1.8500           0.1402       0.0730       0.0672   520.2
1.8750           0.1404       0.0667       0.0737   570.2
1.9000           0.1413       0.0677       0.0736   569.8
1.9250           0.1414       0.0728       0.0686   531.0
1.9500           0.1410       0.0681       0.0729   563.9
1.9750           0.1418       0.0691       0.0727   562.3
2.0000           0.1422       0.0733       0.0688   532.5
2.0250           0.1432       0.0723       0.0709   548.5
2.0500           0.1435       0.0708       0.0727   562.2
2.0750           0.1430       0.0742       0.0687   531.8
2.1000           0.1439       0.0711       0.0728   562.9
2.1250           0.1450       0.0716       0.0734   567.9
2.1500           0.1452       0.0755       0.0696   538.8
2.1750           0.1456       0.0707       0.0749   579.5
2.2000           0.1466       0.0700       0.0766   592.3
2.2250           0.1481       0.0753       0.0728   563.4
2.2500           0.1484       0.0747       0.0737   569.8
2.2750           0.1487       0.0737       0.0751   580.6
2.3000           0.1500       0.0759       0.0742   573.7
2.3250           0.1499       0.0776       0.0723   559.6
2.3500           0.1491       0.0710       0.0781   604.2
2.3750           0.1486       0.0749       0.0737   570.5
2.4000           0.1493       0.0734       0.0759   586.9
2.4250           0.1488       0.0735       0.0753   582.3
2.4500           0.1503       0.0776       0.0727   562.6
2.4750           0.1504       0.0781       0.0723   559.5
2.5000           0.1501       0.0754       0.0746   577.3
2.5250           0.1502       0.0774       0.0728   563.5
2.5500           0.1510       0.0769       0.0741   573.3
2.5750           0.1509       0.0709       0.0800   618.9
2.6000           0.1506       0.0722       0.0784   606.4
2.6250           0.1513       0.0721       0.0792   613.0
2.6500           0.1511       0.0753       0.0758   586.4
2.6750           0.1509       0.0774       0.0735   568.5
2.7000           0.1516       0.0793       0.0723   559.5
2.7250           0.1522       0.0760       0.0762   589.8
2.7500           0.1515       0.0789       0.0727   562.1
2.7750           0.1515       0.0781       0.0733   567.4
2.8000           0.1519       0.0746       0.0773   598.1
2.8250           0.1528       0.0776       0.0752   581.9
2.8500           0.1524       0.0770       0.0754   583.6
2.8750           0.1519       0.0748       0.0772   596.9
2.9000           0.1522       0.0781       0.0741   573.1
2.9250           0.1520       0.0789       0.0731   565.7
2.9500           0.1513       0.0760       0.0753   582.2
2.9750           0.1513       0.0763       0.0751   580.8
3.0000           0.1507       0.0735       0.0772   596.9
3.0250           0.1505       0.0719       0.0785   607.6
3.0500           0.1499       0.0731       0.0768   594.1
3.0750           0.1505       0.0776       0.0729   563.9
3.1000           0.1506       0.0775       0.0731   565.4
3.1250           0.1512       0.0741       0.0771   596.2
3.1500           0.1507       0.0767       0.0740   572.5
3.1750           0.1511       0.0760       0.0750   580.5
3.2000           0.1521       0.0749       0.0772   597.3
3.2250           0.1536       0.0776       0.0760   587.6
3.2500           0.1541       0.0778       0.0763   590.6
3.2750           0.1540       0.0772       0.0768   594.3
3.3000           0.1542       0.0787       0.0754   583.7
3.3250           0.1546       0.0772       0.0774   599.1
3.3500           0.1539       0.0781       0.0758   586.2
3.3750           0.1542       0.0774       0.0768   593.8
3.4000           0.1538       0.0763       0.0776   600.1
3.4250           0.1543       0.0767       0.0776   600.6
3.4500           0.1550       0.0789       0.0761   588.5
3.4750           0.1551       0.0776       0.0776   600.0
3.5000           0.1556       0.0767       0.0789   610.1
3.5250           0.1555       0.0788       0.0767   593.6
3.5500           0.1559       0.0760       0.0799   618.0
3.5750           0.1563       0.0768       0.0794   614.5
3.6000           0.1545       0.0799       0.0746   577.2
3.6250           0.1543       0.0776       0.0767   593.5
3.6500           0.1533       0.0782       0.0751   581.0
3.6750           0.1530       0.0782       0.0748   578.9
3.7000           0.1529       0.0755       0.0774   598.7
3.7250           0.1541       0.0769       0.0772   597.5
3.7500           0.1534       0.0771       0.0763   590.4
3.7750           0.1533       0.0757       0.0776   600.2
3.8000           0.1535       0.0737       0.0797   616.9
3.8250           0.1538       0.0751       0.0787   608.8
3.8500           0.1542       0.0789       0.0753   582.3
3.8750           0.1544       0.0773       0.0770   595.7
3.9000           0.1538       0.0749       0.0789   610.3
3.9250           0.1555       0.0780       0.0775   599.5
3.9500           0.1561       0.0791       0.0771   596.1
3.9750           0.1559       0.0785       0.0774   598.6
4.0000           0.1561       0.0778       0.0782   605.4
4.0250           0.1560       0.0783       0.0776   600.5
4.0500           0.1565       0.0762       0.0803   621.0
4.0750           0.1562       0.0829       0.0733   567.1
4.1000           0.1563       0.0801       0.0762   589.7
4.1250           0.1565       0.0754       0.0811   627.7
4.1500           0.1567       0.0788       0.0778   602.3
4.1750           0.1575       0.0774       0.0801   619.7
4.2000           0.1578       0.0779       0.0798   617.6
4.2250           0.1592       0.0779       0.0813   628.9
4.2500           0.1594       0.0800       0.0795   614.9
4.2750           0.1582       0.0801       0.0782   604.7
4.3000           0.1588       0.0828       0.0760   588.1
4.3250           0.1583       0.0821       0.0762   589.4
4.3500           0.1588       0.0795       0.0793   613.7
4.3750           0.1580       0.0799       0.0781   604.5
4.4000           0.1574       0.0791       0.0783   605.4
4.4250           0.1574       0.0765       0.0808   625.3
4.4500           0.1569       0.0766       0.0803   620.9
4.4750           0.1567       0.0808       0.0759   587.1
4.5000           0.1568       0.0799       0.0769   595.3
4.5250           0.1576       0.0806       0.0771   596.2
4.5500           0.1572       0.0799       0.0773   597.9
4.5750           0.1565       0.0781       0.0784   606.3
4.6000           0.1572       0.0793       0.0779   602.6
4.6250           0.1572       0.0749       0.0823   636.9
4.6500           0.1565       0.0762       0.0802   620.8
4.6750           0.1559       0.0822       0.0737   569.8
4.7000           0.1577       0.0781       0.0796   616.2
4.7250           0.1577       0.0765       0.0812   628.0
4.7500           0.1569       0.0808       0.0761   588.8
4.7750           0.1569       0.0770       0.0799   618.4
4.8000           0.1558       0.0761       0.0797   616.3
4.8250           0.1563       0.0787       0.0776   600.6
4.8500           0.1554       0.0807       0.0747   578.0
4.8750           0.1548       0.0757       0.0791   611.8
4.9000           0.1560       0.0754       0.0806   623.9
4.9250           0.1559       0.0791       0.0768   594.3
4.9500           0.1560       0.0792       0.0768   594.3
4.9750           0.1567       0.0804       0.0764   590.7
5.0000           0.1569       0.0816       0.0752   582.1
5.0250           0.1577       0.0783       0.0795   614.8
5.0500           0.1583       0.0817       0.0765   592.2
5.0750           0.1579       0.0807       0.0772   597.3
5.1000           0.1574       0.0751       0.0823   636.5
5.1250           0.1574       0.0769       0.0804   622.4
5.1500           0.1586       0.0788       0.0798   617.0
5.1750           0.1593       0.0772       0.0821   635.4
5.2000           0.1598       0.0783       0.0815   630.4
5.2250           0.1594       0.0810       0.0784   606.6
5.2500           0.1598       0.0810       0.0788   610.0
5.2750           0.1598       0.0782       0.0815   630.6
5.3000           0.1602       0.0801       0.0801   619.9
5.3250           0.1610       0.0862       0.0748   578.6
5.3500           0.1602       0.0828       0.0774   598.7
5.3750           0.1591       0.0780       0.0811   627.7
5.4000           0.1605       0.0822       0.0783   605.8
5.4250           0.1607       0.0805       0.0802   620.1
5.4500           0.1603       0.0778       0.0825   638.4
5.4750           0.1608       0.0800       0.0808   625.3
5.5000           0.1610       0.0823       0.0788   609.3
5.5250           0.1621       0.0807       0.0814   629.6
5.5500           0.1618       0.0797       0.0821   634.8
5.5750           0.1609       0.0818       0.0791   611.9
5.6000           0.1616       0.0803       0.0813   628.9
5.6250           0.1624       0.0818       0.0806   623.9
5.6500           0.1638       0.0857       0.0781   604.3
5.6750           0.1644       0.0820       0.0824   637.3
5.7000           0.1633       0.0834       0.0799   618.4
5.7250           0.1636       0.0830       0.0806   623.7
5.7500           0.1629       0.0800       0.0829   641.5
5.7750           0.1634       0.0782       0.0851   658.6
5.8000           0.1642       0.0848       0.0794   614.1
5.8250           0.1645       0.0812       0.0833   644.5
5.8500           0.1636       0.0818       0.0818   632.7
5.8750           0.1628       0.0804       0.0824   637.8
5.9000           0.1633       0.0785       0.0848   655.9
5.9250           0.1632       0.0848       0.0784   606.4
5.9500           0.1629       0.0828       0.0801   619.7
5.9750           0.1632       0.0797       0.0835   645.7
6.0000           0.1629       0.0827       0.0802   620.2
6.0250           0.1632       0.0812       0.0820   634.5
6.0500           0.1622       0.0810       0.0812   628.2
6.0750           0.1619       0.0803       0.0816   631.3
6.1000           0.1614       0.0796       0.0818   632.6
6.1250           0.1609       0.0805       0.0804   621.9
6.1500           0.1603       0.0796       0.0807   624.1
6.1750           0.1609       0.0801       0.0809   625.5
6.2000           0.1610       0.0811       0.0799   618.1
6.2250           0.1606       0.0810       0.0796   615.9
6.2500           0.1603       0.0831       0.0772   597.3
6.2750           0.1596       0.0847       0.0749   579.8
6.3000           0.1602       0.0801       0.0801   619.7
6.3250           0.1603       0.0809       0.0795   614.9
6.3500           0.1594       0.0823       0.0771   596.7
6.3750           0.1580       0.0838       0.0742   573.9
6.4000           0.1579       0.0789       0.0791   611.6
6.4250           0.1581       0.0748       0.0832   644.0
6.4500           0.1573       0.0773       0.0800   618.6
6.4750           0.1574       0.0759       0.0815   630.3
6.5000           0.1573       0.0778       0.0795   615.0
6.5250           0.1585       0.0798       0.0787   608.6
6.5500           0.1586       0.0820       0.0766   592.5
6.5750           0.1582       0.0795       0.0787   609.1
6.6000           0.1577       0.0801       0.0776   600.1
6.6250           0.1577       0.0804       0.0773   598.0
6.6500           0.1575       0.0744       0.0831   642.8
6.6750           0.1573       0.0781       0.0791   612.1
6.7000           0.1571       0.0762       0.0809   625.6
6.7250           0.1562       0.0762       0.0799   618.5
6.7500           0.1575       0.0813       0.0761   588.9
6.7750           0.1576       0.0793       0.0783   605.9
6.8000           0.1575       0.0802       0.0773   598.2
6.8250           0.1580       0.0819       0.0761   588.6
6.8500           0.1576       0.0788       0.0787   609.1
6.8750           0.1572       0.0782       0.0790   611.2
6.9000           0.1561       0.0813       0.0748   579.0
6.9250           0.1555       0.0787       0.0769   594.7
6.9500           0.1556       0.0755       0.0801   620.0
6.9750           0.1549       0.0777       0.0772   597.6
7.0000           0.1539       0.0779       0.0760   588.3
7.0250           0.1549       0.0779       0.0770   596.1
7.0500           0.1541       0.0785       0.0756   584.7
7.0750           0.1534       0.0765       0.0768   594.4
7.1000           0.1529       0.0787       0.0742   573.9
7.1250           0.1523       0.0783       0.0740   572.2
7.1500           0.1529       0.0761       0.0768   594.3
7.1750           0.1526       0.0766       0.0760   587.9
7.2000           0.1530       0.0758       0.0772   596.9
7.2250           0.1518       0.0731       0.0788   609.5
7.2500           0.1512       0.0749       0.0763   590.5
7.2750           0.1509       0.0761       0.0748   578.6
7.3000           0.1510       0.0738       0.0772   597.4
7.3250           0.1507       0.0779       0.0729   563.9
7.3500           0.1509       0.0772       0.0737   570.2
7.3750           0.1496       0.0740       0.0756   584.9
7.4000           0.1492       0.0729       0.0763   590.0
7.4250           0.1482       0.0738       0.0745   576.1
7.4500           0.1483       0.0714       0.0769   594.9
7.4750           0.1472       0.0722       0.0750   580.0
7.5000           0.1485       0.0760       0.0725   561.0
7.5250           0.1486       0.0781       0.0705   545.5
7.5500           0.1502       0.0752       0.0750   580.0
7.5750           0.1499       0.0767       0.0732   566.1
7.6000           0.1498       0.0781       0.0717   554.7
7.6250           0.1509       0.0763       0.0746   577.2
7.6500           0.1507       0.0723       0.0784   606.7
7.6750           0.1500       0.0722       0.0777   601.4
7.7000           0.1502       0.0772       0.0730   564.7
7.7250           0.1486       0.0761       0.0725   561.2
7.7500           0.1491       0.0729       0.0762   589.4
7.7750           0.1480       0.0750       0.0730   565.1
7.8000           0.1481       0.0720       0.0761   589.0
7.8250           0.1482       0.0720       0.0762   589.8
7.8500           0.1488       0.0732       0.0756   584.8
7.8750           0.1490       0.0723       0.0767   593.6
7.9000           0.1493       0.0812       0.0682   527.3
7.9250           0.1493       0.0774       0.0719   556.4
7.9500           0.1494       0.0720       0.0774   598.6
7.9750           0.1495       0.0760       0.0734   568.1
8.0000           0.1497       0.0761       0.0735   568.8
8.0250           0.1501       0.0758       0.0743   574.6
8.0500           0.1501       0.0772       0.0728   563.6
8.0750           0.1509       0.0747       0.0761   589.0
8.1000           0.1517       0.0726       0.0790   611.5
8.1250           0.1509       0.0771       0.0738   570.6
8.1500           0.1508       0.0750       0.0758   586.2
8.1750           0.1492       0.0749       0.0743   575.1
8.2000           0.1509       0.0776       0.0733   566.9
8.2250           0.1509       0.0786       0.0723   559.7
8.2500           0.1496       0.0769       0.0728   562.9
8.2750           0.1493       0.0743       0.0751   580.7
8.3000           0.1484       0.0734       0.0750   580.5
8.3250           0.1485       0.0727       0.0757   586.0
8.3500           0.1481       0.0753       0.0728   563.4
8.3750           0.1471       0.0753       0.0718   555.2
8.4000           0.1482       0.0707       0.0775   599.2
8.4250           0.1494       0.0759       0.0735   568.6
8.4500           0.1489       0.0764       0.0725   560.9
8.4750           0.1485       0.0728       0.0757   586.0
8.5000           0.1483       0.0736       0.0746   577.4
8.5250           0.1474       0.0763       0.0711   550.4
8.5500           0.1473       0.0742       0.0731   565.4
8.5750           0.1481       0.0728       0.0753   582.4
8.6000           0.1494       0.0741       0.0753   582.5
8.6250           0.1499       0.0775       0.0724   560.3
8.6500           0.1494       0.0764       0.0730   564.5
8.6750           0.1497       0.0754       0.0743   574.6
8.7000           0.1502       0.0723       0.0779   602.5
8.7250           0.1496       0.0742       0.0754   583.3
8.7500           0.1498       0.0741       0.0758   586.2
8.7750           0.1507       0.0766       0.0741   573.2
8.8000           0.1498       0.0767       0.0732   566.1
8.8250           0.1505       0.0749       0.0756   584.7
8.8500           0.1502       0.0728       0.0774   599.1
8.8750           0.1501       0.0720       0.0781   604.1
8.9000           0.1502       0.0766       0.0736   569.7
8.9250           0.1499       0.0770       0.0729   563.9
8.9500           0.1504       0.0741       0.0763   590.6
8.9750           0.1511       0.0760       0.0751   580.8
9.0000           0.1516       0.0782       0.0734   568.1
9.0250           0.1518       0.0781       0.0737   569.8
9.0500           0.1520       0.0721       0.0799   618.4
9.0750           0.1518       0.0750       0.0768   594.5
9.1000           0.1515       0.0763       0.0753   582.3
9.1250           0.1524       0.0762       0.0762   589.3
9.1500           0.1539       0.0779       0.0760   587.8
9.1750           0.1528       0.0792       0.0736   569.3
9.2000           0.1531       0.0789       0.0741   573.6
9.2250           0.1529       0.0786       0.0743   575.1
9.2500           0.1533       0.0767       0.0766   592.3
9.2750           0.1535       0.0784       0.0751   581.1
9.3000           0.1527       0.0757       0.0771   596.1
9.3250           0.1526       0.0732       0.0794   614.2
9.3500           0.1530       0.0775       0.0755   584.0
9.3750           0.1527       0.0757       0.0770   595.9
9.4000           0.1521       0.0737       0.0784   606.6
9.4250           0.1518       0.0779       0.0740   572.3
9.4500           0.1516       0.0755       0.0760   588.3
9.4750           0.1519       0.0762       0.0757   585.4
9.5000           0.1506       0.0808       0.0697   539.6
9.5250           0.1519       0.0751       0.0768   594.5
9.5500           0.1513       0.0735       0.0778   601.6
9.5750           0.1509       0.0764       0.0745   576.3
9.6000           0.1504       0.0747       0.0758   586.3
9.6250           0.1519       0.0731       0.0788   609.6
9.6500           0.1512       0.0750       0.0762   589.4
9.6750           0.1507       0.0784       0.0723   559.4
9.7000           0.1505       0.0759       0.0746   577.2
9.7250           0.1501       0.0700       0.0801   619.8
9.7500           0.1504       0.0748       0.0757   585.3
9.7750           0.1489       0.0777       0.0712   551.2
9.8000           0.1496       0.0737       0.0758   586.7
9.8250           0.1491       0.0743       0.0748   578.9
9.8500           0.1489       0.0758       0.0730   565.0
9.8750           0.1487       0.0759       0.0728   563.3
9.9000           0.1489       0.0786       0.0703   544.1
9.9250           0.1497       0.0776       0.0721   558.1
9.9500           0.1500       0.0736       0.0764   590.9
9.9750           0.1501       0.0729       0.0772   597.3
10.0000          0.1518       0.0781       0.0736   569.8
