An NVIDIA GPU may be present on this machine, but a CUDA-enabled jaxlib is not installed. Falling back to cpu.
INFO mlfcs.fitting.fitter: Preparing independent FC2 fitting parameterization
INFO mlfcs.interactions.space: Creating reference supercell with matrix [[8, 0, 0], [0, 8, 0], [0, 0, 1]]
INFO mlfcs.interactions.space: 3 primitive atoms, 192 supercell atoms
INFO mlfcs.interactions.space: Resolving the interaction cutoff
INFO mlfcs.interactions.space: Cutoff radius: 8.0000000000 Å
INFO mlfcs.interactions.space: Analyzing crystal symmetries
INFO mlfcs.interactions.space: Space group P-6m2
INFO mlfcs.interactions.space: 12 symmetry operations
INFO mlfcs.interactions.space: Finding symmetry-inequivalent order-2 interaction clusters
INFO mlfcs.interactions.space: 17 cluster equivalence classes
INFO mlfcs.interactions.space: 84 independent tensor parameters
INFO mlfcs.interactions.space: Maximum body order: 2
INFO mlfcs.fitting.fitter: - FC2: 17 orbits, 84 parameters
INFO mlfcs.fitting.fitter: - Joint parameter count: 84
INFO mlfcs.fitting.linear_solvers: Explicit constraint parameterization: 84 -> 80 parameters in 28 blocks, rank=4, nnz=143
INFO mlfcs.fitting.design_operator: - Prepared JAX feature program: 7 signatures, 7 tiles, 0.2 MiB static buffers
INFO mlfcs.fitting.gram.builder: Accumulating streamed Gram system: 80 x 80 (0.0 MiB), effective_batch_size=1, backend=SciPy/OpenBLAS CPU
INFO mlfcs.fitting.gram.builder: - Physical design kernel groups: 7, 7 bounded tiles
INFO mlfcs.fitting.gram.builder: - Compiled FC2 physical design kernel in 0.10 s
INFO mlfcs.fitting.gram.builder: - Compiled FC2 physical design kernel in 0.08 s
INFO mlfcs.fitting.gram.builder: - Compiled FC2 physical design kernel in 0.07 s
INFO mlfcs.fitting.gram.builder: - Compiled FC2 physical design kernel in 0.08 s
INFO mlfcs.fitting.gram.builder: - Compiled FC2 physical design kernel in 0.08 s
INFO mlfcs.fitting.gram.builder: - Compiled FC2 physical design kernel in 0.09 s
INFO mlfcs.fitting.gram.builder: - Compiled FC2 physical design kernel in 0.09 s
INFO mlfcs.fitting.gram.builder: - Gram structures: 1/5, elapsed=0.60 s
INFO mlfcs.fitting.gram.builder: - Gram structures: 5/5, elapsed=0.61 s
INFO mlfcs.fitting.gram.builder: - Streamed Gram system ready in 0.61 s
INFO mlfcs.fitting.gram.builder: - Gram phase timing: kernel=0.61 s, transfer=0.00 s, scatter=0.00 s, constraint reduction=0.00 s, BLAS=0.00 s
INFO mlfcs.fitting.fitter: Constraint system: 6 rows after duplicate removal (27 ASR before compression)
INFO mlfcs.fitting.fitter: Column-norm preconditioning in constrained coordinates
INFO mlfcs.fitting.fitter: - Inverse column scale: 2.637422e-01 to 1.652621e+00
INFO mlfcs.fitting.fitter: Solving the force-only least-squares problem with streamed Gram
INFO mlfcs.fitting.fitter: - Equations: 2880, unknowns: 80
INFO mlfcs.fitting.fitter: - Maximum joint constraint residual: 5.663872e-16
INFO mlfcs.fitting.fitter: Force fitting summary
INFO mlfcs.fitting.fitter: - Training relative error: 10.053810 %
INFO mlfcs.fitting.fitter: - Training force RMSE: 6.5318103090e-02 eV/Å
INFO mlfcs.fitting.fitter: - JAX execution guard: 1 prepared program, independent Gram statistics
INFO mlfcs.fitting.fitter: - Solver iterations=27, stop_code=0
INFO mlfcs.fitting.fitter: Expanding fitted Taylor parameters into sparse physical IFCs
INFO mlfcs.fitting.fitter: - Expanded 179 sparse tensors in 0.00 s
INFO mlfcs.force_constants.realization: Export view cache miss; constructing new view
INFO mlfcs.force_constants.realization: Export view cache hit; reusing existing view
