Time[ps]    Etot/N[eV]   Epot/N[eV]   Ekin/N[eV]    T[K]
0.0000           0.0912       0.0000       0.0912   705.7
0.0250           0.0902       0.0358       0.0544   421.0
0.0500           0.0914       0.0513       0.0401   310.0
0.0750           0.0917       0.0411       0.0506   391.4
0.1000           0.0908       0.0580       0.0328   253.7
0.1250           0.0916       0.0613       0.0303   234.4
0.1500           0.0923       0.0501       0.0422   326.5
0.1750           0.0937       0.0504       0.0433   335.4
0.2000           0.0949       0.0407       0.0542   419.5
0.2250           0.0952       0.0393       0.0559   432.5
0.2500           0.0958       0.0499       0.0459   355.4
0.2750           0.0960       0.0502       0.0458   354.3
0.3000           0.0964       0.0516       0.0448   346.3
0.3250           0.0981       0.0564       0.0417   323.0
0.3500           0.0986       0.0522       0.0464   359.1
0.3750           0.0990       0.0464       0.0526   407.2
0.4000           0.0990       0.0438       0.0552   427.1
0.4250           0.0992       0.0440       0.0552   427.2
0.4500           0.0990       0.0454       0.0536   414.9
0.4750           0.0997       0.0486       0.0510   394.9
0.5000           0.1004       0.0499       0.0505   390.4
0.5250           0.1003       0.0526       0.0478   369.5
0.5500           0.0997       0.0521       0.0477   368.8
0.5750           0.1008       0.0477       0.0531   410.9
0.6000           0.1010       0.0504       0.0506   391.4
0.6250           0.1010       0.0489       0.0521   403.4
0.6500           0.1017       0.0475       0.0542   418.9
0.6750           0.1025       0.0525       0.0500   386.6
0.7000           0.1034       0.0551       0.0483   373.8
0.7250           0.1040       0.0518       0.0522   403.6
0.7500           0.1040       0.0533       0.0507   392.3
0.7750           0.1044       0.0536       0.0508   392.9
0.8000           0.1048       0.0518       0.0530   409.8
0.8250           0.1047       0.0505       0.0542   419.3
0.8500           0.1037       0.0520       0.0517   400.0
0.8750           0.1032       0.0507       0.0524   405.7
0.9000           0.1037       0.0504       0.0532   412.0
0.9250           0.1044       0.0531       0.0512   396.5
0.9500           0.1042       0.0548       0.0495   382.6
0.9750           0.1043       0.0517       0.0526   406.9
1.0000           0.1041       0.0509       0.0532   411.6
1.0250           0.1042       0.0519       0.0523   404.6
1.0500           0.1043       0.0511       0.0531   411.1
1.0750           0.1050       0.0517       0.0532   411.9
1.1000           0.1049       0.0519       0.0530   409.7
1.1250           0.1052       0.0497       0.0554   428.9
1.1500           0.1062       0.0521       0.0542   419.2
1.1750           0.1063       0.0544       0.0519   401.6
1.2000           0.1055       0.0506       0.0549   424.9
1.2250           0.1063       0.0557       0.0505   391.0
1.2500           0.1061       0.0557       0.0503   389.4
1.2750           0.1063       0.0506       0.0557   430.5
1.3000           0.1061       0.0544       0.0518   400.6
1.3250           0.1063       0.0536       0.0527   407.8
1.3500           0.1071       0.0481       0.0590   456.2
1.3750           0.1073       0.0530       0.0543   420.4
1.4000           0.1078       0.0550       0.0529   409.2
1.4250           0.1087       0.0531       0.0556   430.2
1.4500           0.1088       0.0557       0.0531   410.5
1.4750           0.1091       0.0566       0.0525   406.1
1.5000           0.1100       0.0575       0.0525   406.5
1.5250           0.1104       0.0578       0.0526   407.3
1.5500           0.1110       0.0543       0.0567   438.6
1.5750           0.1107       0.0536       0.0570   441.3
1.6000           0.1107       0.0564       0.0543   420.1
1.6250           0.1113       0.0550       0.0563   435.7
1.6500           0.1113       0.0532       0.0581   449.4
1.6750           0.1108       0.0554       0.0554   428.7
1.7000           0.1119       0.0572       0.0547   423.1
1.7250           0.1126       0.0557       0.0569   440.4
1.7500           0.1120       0.0565       0.0555   429.4
1.7750           0.1127       0.0543       0.0584   451.8
1.8000           0.1124       0.0539       0.0585   452.8
1.8250           0.1122       0.0559       0.0564   436.0
1.8500           0.1123       0.0565       0.0558   431.8
1.8750           0.1124       0.0558       0.0566   437.5
1.9000           0.1127       0.0575       0.0552   426.8
1.9250           0.1125       0.0573       0.0552   426.7
1.9500           0.1129       0.0547       0.0581   449.8
1.9750           0.1138       0.0576       0.0562   434.7
2.0000           0.1141       0.0577       0.0564   436.4
2.0250           0.1139       0.0550       0.0589   455.3
2.0500           0.1142       0.0558       0.0584   451.8
2.0750           0.1148       0.0579       0.0570   440.9
2.1000           0.1147       0.0555       0.0592   457.9
2.1250           0.1148       0.0585       0.0563   435.9
2.1500           0.1147       0.0599       0.0548   423.9
2.1750           0.1160       0.0567       0.0594   459.2
2.2000           0.1160       0.0584       0.0576   445.9
2.2250           0.1165       0.0589       0.0576   445.7
2.2500           0.1170       0.0575       0.0595   460.6
2.2750           0.1174       0.0583       0.0591   457.5
2.3000           0.1170       0.0591       0.0580   448.5
2.3250           0.1170       0.0600       0.0571   441.4
2.3500           0.1171       0.0579       0.0592   457.7
2.3750           0.1174       0.0583       0.0591   457.1
2.4000           0.1177       0.0591       0.0586   453.2
2.4250           0.1182       0.0597       0.0585   452.9
2.4500           0.1184       0.0589       0.0595   460.7
2.4750           0.1184       0.0555       0.0628   486.2
2.5000           0.1183       0.0566       0.0616   476.9
2.5250           0.1187       0.0589       0.0597   462.2
2.5500           0.1192       0.0574       0.0618   478.1
2.5750           0.1189       0.0625       0.0564   436.3
2.6000           0.1189       0.0607       0.0582   449.9
2.6250           0.1198       0.0596       0.0602   465.8
2.6500           0.1199       0.0615       0.0584   452.0
2.6750           0.1196       0.0595       0.0602   465.5
2.7000           0.1207       0.0578       0.0629   486.9
2.7250           0.1203       0.0606       0.0597   461.5
2.7500           0.1203       0.0609       0.0594   459.5
2.7750           0.1203       0.0607       0.0596   461.2
2.8000           0.1211       0.0596       0.0615   476.2
2.8250           0.1209       0.0607       0.0601   465.1
2.8500           0.1206       0.0608       0.0598   462.4
2.8750           0.1207       0.0610       0.0597   462.2
2.9000           0.1215       0.0613       0.0602   465.9
2.9250           0.1222       0.0602       0.0620   479.8
2.9500           0.1211       0.0616       0.0595   460.5
2.9750           0.1217       0.0602       0.0615   475.4
3.0000           0.1215       0.0579       0.0636   492.1
3.0250           0.1213       0.0594       0.0619   478.6
3.0500           0.1208       0.0611       0.0597   462.1
3.0750           0.1216       0.0604       0.0612   473.4
3.1000           0.1211       0.0623       0.0588   454.9
3.1250           0.1219       0.0632       0.0586   453.6
3.1500           0.1208       0.0610       0.0598   462.8
3.1750           0.1200       0.0586       0.0613   474.5
3.2000           0.1202       0.0574       0.0628   486.1
3.2250           0.1205       0.0586       0.0619   478.6
3.2500           0.1210       0.0614       0.0597   461.5
3.2750           0.1212       0.0631       0.0581   449.5
3.3000           0.1211       0.0625       0.0586   453.2
3.3250           0.1215       0.0610       0.0606   468.5
3.3500           0.1225       0.0602       0.0623   482.2
3.3750           0.1234       0.0620       0.0614   475.0
3.4000           0.1239       0.0619       0.0620   480.0
3.4250           0.1245       0.0603       0.0642   496.3
3.4500           0.1254       0.0606       0.0648   501.5
3.4750           0.1252       0.0641       0.0611   473.0
3.5000           0.1255       0.0655       0.0600   464.4
3.5250           0.1252       0.0628       0.0624   482.7
3.5500           0.1258       0.0600       0.0658   509.4
3.5750           0.1260       0.0639       0.0621   480.5
3.6000           0.1259       0.0622       0.0636   492.3
3.6250           0.1268       0.0613       0.0654   506.1
3.6500           0.1276       0.0667       0.0609   471.3
3.6750           0.1279       0.0660       0.0619   479.2
3.7000           0.1286       0.0638       0.0648   501.4
3.7250           0.1297       0.0648       0.0649   502.5
3.7500           0.1292       0.0644       0.0648   501.5
3.7750           0.1295       0.0637       0.0658   509.1
3.8000           0.1299       0.0662       0.0637   492.7
3.8250           0.1296       0.0656       0.0640   495.3
3.8500           0.1292       0.0619       0.0673   520.5
3.8750           0.1294       0.0636       0.0658   509.3
3.9000           0.1292       0.0653       0.0639   494.4
3.9250           0.1289       0.0619       0.0670   518.1
3.9500           0.1277       0.0643       0.0634   490.5
3.9750           0.1278       0.0666       0.0612   473.5
4.0000           0.1280       0.0631       0.0648   501.5
4.0250           0.1283       0.0622       0.0661   511.1
4.0500           0.1280       0.0646       0.0634   490.2
4.0750           0.1275       0.0622       0.0653   505.3
4.1000           0.1280       0.0637       0.0644   497.9
4.1250           0.1272       0.0647       0.0625   483.6
4.1500           0.1273       0.0644       0.0630   487.1
4.1750           0.1269       0.0646       0.0623   482.2
4.2000           0.1270       0.0645       0.0625   483.7
4.2250           0.1275       0.0624       0.0652   504.1
4.2500           0.1277       0.0619       0.0658   509.1
4.2750           0.1281       0.0646       0.0635   491.0
4.3000           0.1290       0.0617       0.0673   520.3
4.3250           0.1288       0.0631       0.0657   508.6
4.3500           0.1286       0.0657       0.0629   486.9
4.3750           0.1281       0.0644       0.0637   492.5
4.4000           0.1286       0.0652       0.0634   490.7
4.4250           0.1292       0.0641       0.0651   503.8
4.4500           0.1294       0.0636       0.0658   508.9
4.4750           0.1312       0.0641       0.0671   519.0
4.5000           0.1313       0.0656       0.0657   508.2
4.5250           0.1312       0.0657       0.0655   506.5
4.5500           0.1301       0.0682       0.0619   478.9
4.5750           0.1303       0.0670       0.0634   490.2
4.6000           0.1303       0.0664       0.0640   494.9
4.6250           0.1309       0.0633       0.0676   523.0
4.6500           0.1303       0.0632       0.0671   519.3
4.6750           0.1306       0.0647       0.0659   510.1
4.7000           0.1305       0.0653       0.0652   504.2
4.7250           0.1296       0.0657       0.0639   494.5
4.7500           0.1297       0.0659       0.0638   494.0
4.7750           0.1292       0.0675       0.0618   478.1
4.8000           0.1294       0.0644       0.0650   502.9
4.8250           0.1294       0.0644       0.0649   502.4
4.8500           0.1291       0.0673       0.0618   477.8
4.8750           0.1296       0.0637       0.0659   509.9
4.9000           0.1291       0.0633       0.0658   508.8
4.9250           0.1287       0.0667       0.0621   480.1
4.9500           0.1276       0.0632       0.0644   497.9
4.9750           0.1289       0.0637       0.0652   504.6
5.0000           0.1288       0.0629       0.0659   509.5
5.0250           0.1291       0.0613       0.0678   524.3
5.0500           0.1295       0.0663       0.0632   489.3
5.0750           0.1293       0.0662       0.0631   487.9
5.1000           0.1289       0.0634       0.0655   506.7
5.1250           0.1287       0.0685       0.0602   465.4
5.1500           0.1280       0.0684       0.0596   461.2
5.1750           0.1282       0.0628       0.0654   506.2
5.2000           0.1278       0.0642       0.0636   492.1
5.2250           0.1274       0.0658       0.0616   476.4
5.2500           0.1274       0.0629       0.0645   499.2
5.2750           0.1274       0.0608       0.0666   515.0
5.3000           0.1269       0.0627       0.0642   496.5
5.3250           0.1270       0.0622       0.0649   501.9
5.3500           0.1265       0.0624       0.0641   495.7
5.3750           0.1272       0.0652       0.0620   479.5
5.4000           0.1273       0.0657       0.0616   476.4
5.4250           0.1265       0.0660       0.0605   468.0
5.4500           0.1266       0.0661       0.0605   468.0
5.4750           0.1263       0.0637       0.0626   484.6
5.5000           0.1262       0.0600       0.0663   512.6
5.5250           0.1259       0.0610       0.0649   502.0
5.5500           0.1253       0.0618       0.0635   491.0
5.5750           0.1249       0.0598       0.0650   503.1
5.6000           0.1239       0.0623       0.0616   476.3
5.6250           0.1241       0.0628       0.0613   474.2
5.6500           0.1244       0.0613       0.0631   488.4
5.6750           0.1244       0.0636       0.0609   470.9
5.7000           0.1255       0.0643       0.0612   473.8
5.7250           0.1253       0.0620       0.0632   489.2
5.7500           0.1253       0.0637       0.0615   476.0
5.7750           0.1253       0.0636       0.0617   477.3
5.8000           0.1253       0.0604       0.0648   501.6
5.8250           0.1245       0.0610       0.0636   491.7
5.8500           0.1249       0.0613       0.0636   492.1
5.8750           0.1245       0.0641       0.0604   467.0
5.9000           0.1247       0.0638       0.0609   471.4
5.9250           0.1245       0.0632       0.0613   474.5
5.9500           0.1249       0.0663       0.0585   452.8
5.9750           0.1242       0.0616       0.0626   484.5
6.0000           0.1246       0.0582       0.0664   514.0
6.0250           0.1247       0.0592       0.0655   506.7
6.0500           0.1253       0.0580       0.0673   520.9
6.0750           0.1250       0.0598       0.0653   504.9
6.1000           0.1251       0.0624       0.0628   485.6
6.1250           0.1255       0.0661       0.0594   459.8
6.1500           0.1252       0.0665       0.0586   453.7
6.1750           0.1254       0.0645       0.0609   471.3
6.2000           0.1261       0.0650       0.0611   472.5
6.2250           0.1255       0.0635       0.0620   479.8
6.2500           0.1257       0.0610       0.0647   500.4
6.2750           0.1255       0.0643       0.0612   473.6
6.3000           0.1252       0.0621       0.0631   487.9
6.3250           0.1252       0.0595       0.0657   508.1
6.3500           0.1256       0.0627       0.0629   486.6
6.3750           0.1260       0.0645       0.0615   475.6
6.4000           0.1260       0.0632       0.0627   485.4
6.4250           0.1254       0.0645       0.0609   471.0
6.4500           0.1251       0.0633       0.0617   477.7
6.4750           0.1264       0.0625       0.0639   494.5
6.5000           0.1266       0.0640       0.0626   484.1
6.5250           0.1270       0.0587       0.0684   529.0
6.5500           0.1272       0.0624       0.0648   501.3
6.5750           0.1273       0.0651       0.0622   481.3
6.6000           0.1270       0.0660       0.0609   471.5
6.6250           0.1275       0.0646       0.0629   486.6
6.6500           0.1280       0.0649       0.0631   488.0
6.6750           0.1281       0.0640       0.0641   495.7
6.7000           0.1288       0.0629       0.0659   510.1
6.7250           0.1291       0.0632       0.0659   510.0
6.7500           0.1296       0.0650       0.0646   499.8
6.7750           0.1295       0.0664       0.0630   487.7
6.8000           0.1288       0.0641       0.0647   500.5
6.8250           0.1288       0.0628       0.0661   511.2
6.8500           0.1288       0.0652       0.0636   491.9
6.8750           0.1297       0.0664       0.0633   489.5
6.9000           0.1292       0.0668       0.0624   483.1
6.9250           0.1294       0.0643       0.0651   503.4
6.9500           0.1299       0.0634       0.0665   514.6
6.9750           0.1311       0.0635       0.0676   522.6
7.0000           0.1311       0.0657       0.0654   506.2
7.0250           0.1305       0.0655       0.0650   503.1
7.0500           0.1304       0.0641       0.0663   512.7
7.0750           0.1313       0.0652       0.0661   511.6
7.1000           0.1322       0.0689       0.0633   489.4
7.1250           0.1328       0.0682       0.0646   499.6
7.1500           0.1328       0.0693       0.0635   491.2
7.1750           0.1329       0.0690       0.0639   494.1
7.2000           0.1336       0.0672       0.0664   513.7
7.2250           0.1336       0.0657       0.0679   525.6
7.2500           0.1326       0.0642       0.0684   529.4
7.2750           0.1325       0.0654       0.0671   519.2
7.3000           0.1318       0.0639       0.0679   525.1
7.3250           0.1329       0.0638       0.0691   534.3
7.3500           0.1324       0.0648       0.0676   523.0
7.3750           0.1325       0.0653       0.0672   519.8
7.4000           0.1321       0.0645       0.0677   523.7
7.4250           0.1320       0.0656       0.0664   514.1
7.4500           0.1317       0.0684       0.0633   489.7
7.4750           0.1304       0.0682       0.0622   481.5
7.5000           0.1302       0.0665       0.0637   492.9
7.5250           0.1300       0.0662       0.0639   494.1
7.5500           0.1302       0.0635       0.0667   516.4
7.5750           0.1298       0.0644       0.0654   505.9
7.6000           0.1301       0.0658       0.0642   497.0
7.6250           0.1299       0.0639       0.0661   511.0
7.6500           0.1302       0.0665       0.0637   492.4
7.6750           0.1307       0.0666       0.0642   496.6
7.7000           0.1312       0.0662       0.0651   503.3
7.7250           0.1316       0.0645       0.0671   519.4
7.7500           0.1312       0.0625       0.0687   531.6
7.7750           0.1301       0.0631       0.0669   517.9
7.8000           0.1296       0.0647       0.0649   501.8
7.8250           0.1293       0.0654       0.0639   494.1
7.8500           0.1294       0.0672       0.0621   480.6
7.8750           0.1299       0.0694       0.0605   468.1
7.9000           0.1296       0.0670       0.0627   484.9
7.9250           0.1295       0.0634       0.0661   511.4
7.9500           0.1290       0.0670       0.0620   479.8
7.9750           0.1284       0.0642       0.0642   496.6
8.0000           0.1278       0.0620       0.0658   509.0
8.0250           0.1276       0.0650       0.0625   483.8
8.0500           0.1277       0.0646       0.0631   487.9
8.0750           0.1272       0.0625       0.0648   500.9
8.1000           0.1271       0.0637       0.0634   490.5
8.1250           0.1273       0.0644       0.0630   487.1
8.1500           0.1277       0.0635       0.0641   496.2
8.1750           0.1267       0.0644       0.0624   482.5
8.2000           0.1272       0.0625       0.0648   501.1
8.2250           0.1283       0.0619       0.0664   513.6
8.2500           0.1281       0.0625       0.0655   506.9
8.2750           0.1287       0.0612       0.0675   522.4
8.3000           0.1286       0.0654       0.0632   489.2
8.3250           0.1289       0.0663       0.0626   484.3
8.3500           0.1304       0.0672       0.0632   488.9
8.3750           0.1307       0.0689       0.0618   477.9
8.4000           0.1305       0.0688       0.0617   477.0
8.4250           0.1314       0.0651       0.0663   512.9
8.4500           0.1315       0.0656       0.0659   509.6
8.4750           0.1314       0.0639       0.0676   522.6
8.5000           0.1309       0.0629       0.0681   526.7
8.5250           0.1303       0.0645       0.0658   509.1
8.5500           0.1309       0.0646       0.0663   512.6
8.5750           0.1306       0.0665       0.0641   495.8
8.6000           0.1313       0.0676       0.0637   493.1
8.6250           0.1319       0.0703       0.0615   475.9
8.6500           0.1324       0.0668       0.0656   507.5
8.6750           0.1324       0.0677       0.0646   500.1
8.7000           0.1321       0.0643       0.0677   524.1
8.7250           0.1315       0.0652       0.0663   512.7
8.7500           0.1315       0.0644       0.0671   518.8
8.7750           0.1302       0.0653       0.0649   502.5
8.8000           0.1305       0.0655       0.0650   502.7
8.8250           0.1294       0.0657       0.0636   492.4
8.8500           0.1290       0.0641       0.0650   502.5
8.8750           0.1293       0.0669       0.0624   482.6
8.9000           0.1293       0.0674       0.0619   478.6
8.9250           0.1296       0.0642       0.0654   506.1
8.9500           0.1293       0.0631       0.0662   512.0
8.9750           0.1285       0.0634       0.0651   503.6
9.0000           0.1288       0.0631       0.0657   508.4
9.0250           0.1281       0.0620       0.0662   511.8
9.0500           0.1278       0.0660       0.0618   478.3
9.0750           0.1281       0.0628       0.0654   505.9
9.1000           0.1280       0.0633       0.0646   499.8
9.1250           0.1278       0.0665       0.0613   474.3
9.1500           0.1278       0.0628       0.0650   503.1
9.1750           0.1280       0.0650       0.0630   487.1
9.2000           0.1287       0.0667       0.0620   479.4
9.2250           0.1283       0.0630       0.0653   505.4
9.2500           0.1276       0.0628       0.0648   501.3
9.2750           0.1283       0.0632       0.0650   503.1
9.3000           0.1282       0.0607       0.0676   522.7
9.3250           0.1289       0.0660       0.0629   486.5
9.3500           0.1298       0.0659       0.0640   495.0
9.3750           0.1295       0.0643       0.0652   504.6
9.4000           0.1298       0.0679       0.0619   478.8
9.4250           0.1287       0.0657       0.0630   487.4
9.4500           0.1290       0.0628       0.0662   511.8
9.4750           0.1298       0.0653       0.0645   499.2
9.5000           0.1294       0.0642       0.0652   504.2
9.5250           0.1273       0.0630       0.0644   497.9
9.5500           0.1279       0.0639       0.0640   495.1
9.5750           0.1261       0.0613       0.0649   501.7
9.6000           0.1268       0.0604       0.0663   513.2
9.6250           0.1273       0.0645       0.0628   485.5
9.6500           0.1278       0.0655       0.0624   482.4
9.6750           0.1285       0.0638       0.0647   500.6
9.7000           0.1291       0.0666       0.0625   483.3
9.7250           0.1281       0.0659       0.0622   481.3
9.7500           0.1284       0.0638       0.0647   500.3
9.7750           0.1288       0.0645       0.0642   496.9
9.8000           0.1285       0.0650       0.0634   490.9
9.8250           0.1293       0.0631       0.0662   511.9
9.8500           0.1292       0.0642       0.0650   502.8
9.8750           0.1283       0.0638       0.0645   498.8
9.9000           0.1276       0.0621       0.0655   506.8
9.9250           0.1277       0.0642       0.0635   491.1
9.9500           0.1267       0.0642       0.0626   484.2
9.9750           0.1277       0.0638       0.0639   494.2
10.0000          0.1277       0.0659       0.0618   478.4
