Time[ps]    Etot/N[eV]   Epot/N[eV]   Ekin/N[eV]    T[K]
0.0000           0.0598       0.0000       0.0598   462.5
0.0250           0.0590       0.0143       0.0447   345.8
0.0500           0.0593       0.0363       0.0229   177.3
0.0750           0.0598       0.0382       0.0216   166.9
0.1000           0.0596       0.0317       0.0279   216.0
0.1250           0.0594       0.0322       0.0272   210.7
0.1500           0.0598       0.0378       0.0220   170.3
0.1750           0.0603       0.0389       0.0214   165.8
0.2000           0.0608       0.0328       0.0279   216.2
0.2250           0.0609       0.0273       0.0336   260.2
0.2500           0.0612       0.0266       0.0346   267.4
0.2750           0.0613       0.0283       0.0330   255.4
0.3000           0.0616       0.0295       0.0321   248.5
0.3250           0.0621       0.0293       0.0328   253.4
0.3500           0.0627       0.0290       0.0337   260.7
0.3750           0.0629       0.0300       0.0329   254.9
0.4000           0.0629       0.0318       0.0311   240.7
0.4250           0.0626       0.0328       0.0298   230.9
0.4500           0.0629       0.0334       0.0295   228.2
0.4750           0.0637       0.0345       0.0292   226.3
0.5000           0.0635       0.0347       0.0289   223.2
0.5250           0.0633       0.0332       0.0301   232.7
0.5500           0.0633       0.0301       0.0333   257.5
0.5750           0.0639       0.0275       0.0364   281.6
0.6000           0.0640       0.0298       0.0342   264.8
0.6250           0.0637       0.0334       0.0303   234.4
0.6500           0.0639       0.0329       0.0310   240.0
0.6750           0.0635       0.0318       0.0317   245.6
0.7000           0.0631       0.0334       0.0297   230.0
0.7250           0.0635       0.0339       0.0296   228.7
0.7500           0.0642       0.0323       0.0318   246.1
0.7750           0.0645       0.0314       0.0331   255.7
0.8000           0.0648       0.0321       0.0326   252.4
0.8250           0.0650       0.0326       0.0324   250.3
0.8500           0.0650       0.0318       0.0332   257.2
0.8750           0.0650       0.0318       0.0332   256.9
0.9000           0.0654       0.0336       0.0318   246.1
0.9250           0.0657       0.0349       0.0308   238.1
0.9500           0.0654       0.0343       0.0312   241.0
0.9750           0.0663       0.0329       0.0333   258.0
1.0000           0.0661       0.0325       0.0336   259.8
1.0250           0.0664       0.0321       0.0343   265.2
1.0500           0.0657       0.0319       0.0338   261.1
1.0750           0.0658       0.0322       0.0336   260.2
1.1000           0.0656       0.0318       0.0338   261.3
1.1250           0.0664       0.0311       0.0353   273.3
1.1500           0.0662       0.0318       0.0344   266.5
1.1750           0.0668       0.0349       0.0319   247.1
1.2000           0.0672       0.0377       0.0296   228.7
1.2250           0.0681       0.0365       0.0316   244.5
1.2500           0.0682       0.0345       0.0337   261.0
1.2750           0.0682       0.0338       0.0344   266.3
1.3000           0.0691       0.0345       0.0346   267.8
1.3250           0.0692       0.0348       0.0344   266.2
1.3500           0.0699       0.0343       0.0356   275.2
1.3750           0.0711       0.0340       0.0372   287.6
1.4000           0.0711       0.0338       0.0373   288.6
1.4250           0.0705       0.0337       0.0368   284.6
1.4500           0.0704       0.0358       0.0346   267.9
1.4750           0.0701       0.0385       0.0317   245.1
1.5000           0.0698       0.0373       0.0326   252.0
1.5250           0.0693       0.0342       0.0351   271.7
1.5500           0.0701       0.0336       0.0365   282.2
1.5750           0.0700       0.0356       0.0344   266.5
1.6000           0.0696       0.0365       0.0331   256.3
1.6250           0.0692       0.0348       0.0344   265.9
1.6500           0.0687       0.0337       0.0351   271.3
1.6750           0.0685       0.0350       0.0335   259.3
1.7000           0.0684       0.0356       0.0328   254.0
1.7250           0.0681       0.0337       0.0344   265.9
1.7500           0.0687       0.0321       0.0366   282.9
1.7750           0.0686       0.0329       0.0358   276.8
1.8000           0.0692       0.0346       0.0347   268.2
1.8250           0.0691       0.0356       0.0335   259.3
1.8500           0.0694       0.0358       0.0336   259.9
1.8750           0.0687       0.0364       0.0323   249.7
1.9000           0.0688       0.0369       0.0319   246.8
1.9250           0.0686       0.0362       0.0325   251.3
1.9500           0.0681       0.0341       0.0340   262.8
1.9750           0.0674       0.0323       0.0351   271.6
2.0000           0.0671       0.0325       0.0346   267.6
2.0250           0.0670       0.0347       0.0323   250.1
2.0500           0.0681       0.0356       0.0325   251.6
2.0750           0.0676       0.0344       0.0332   257.1
2.1000           0.0681       0.0323       0.0358   276.9
2.1250           0.0680       0.0322       0.0357   276.3
2.1500           0.0680       0.0346       0.0333   257.9
2.1750           0.0676       0.0351       0.0326   252.0
2.2000           0.0670       0.0332       0.0338   261.2
2.2250           0.0677       0.0336       0.0341   263.5
2.2500           0.0673       0.0350       0.0323   249.7
2.2750           0.0677       0.0355       0.0323   249.6
2.3000           0.0677       0.0355       0.0322   249.0
2.3250           0.0680       0.0349       0.0331   256.0
2.3500           0.0683       0.0333       0.0349   270.1
2.3750           0.0688       0.0327       0.0361   279.1
2.4000           0.0685       0.0333       0.0351   271.8
2.4250           0.0680       0.0341       0.0339   262.5
2.4500           0.0682       0.0337       0.0345   266.9
2.4750           0.0686       0.0330       0.0357   275.8
2.5000           0.0689       0.0340       0.0350   270.6
2.5250           0.0685       0.0357       0.0328   254.0
2.5500           0.0686       0.0365       0.0322   248.9
2.5750           0.0689       0.0357       0.0332   257.2
2.6000           0.0692       0.0342       0.0349   270.2
2.6250           0.0688       0.0337       0.0351   271.8
2.6500           0.0695       0.0344       0.0351   271.9
2.6750           0.0697       0.0346       0.0351   271.7
2.7000           0.0695       0.0355       0.0340   262.8
2.7250           0.0688       0.0372       0.0316   244.3
2.7500           0.0690       0.0372       0.0318   246.0
2.7750           0.0686       0.0359       0.0327   252.9
2.8000           0.0687       0.0344       0.0342   264.9
2.8250           0.0680       0.0328       0.0352   272.1
2.8500           0.0676       0.0321       0.0355   274.8
2.8750           0.0678       0.0332       0.0346   268.0
2.9000           0.0680       0.0327       0.0352   272.5
2.9250           0.0685       0.0331       0.0354   274.0
2.9500           0.0690       0.0356       0.0334   258.5
2.9750           0.0686       0.0375       0.0310   240.2
3.0000           0.0683       0.0375       0.0308   238.4
3.0250           0.0692       0.0355       0.0336   260.3
3.0500           0.0687       0.0345       0.0342   264.7
3.0750           0.0690       0.0351       0.0339   262.4
3.1000           0.0689       0.0353       0.0336   260.1
3.1250           0.0691       0.0345       0.0346   267.9
3.1500           0.0682       0.0330       0.0353   272.7
3.1750           0.0677       0.0315       0.0362   279.9
3.2000           0.0679       0.0309       0.0369   285.8
3.2250           0.0678       0.0317       0.0361   279.6
3.2500           0.0685       0.0345       0.0340   263.1
3.2750           0.0689       0.0362       0.0327   252.8
3.3000           0.0689       0.0357       0.0332   256.9
3.3250           0.0693       0.0343       0.0350   270.4
3.3500           0.0696       0.0340       0.0356   275.2
3.3750           0.0696       0.0362       0.0334   258.4
3.4000           0.0694       0.0371       0.0322   249.2
3.4250           0.0690       0.0357       0.0333   257.4
3.4500           0.0685       0.0350       0.0335   259.5
3.4750           0.0684       0.0356       0.0328   253.7
3.5000           0.0684       0.0352       0.0332   256.8
3.5250           0.0686       0.0339       0.0347   268.2
3.5500           0.0689       0.0326       0.0363   281.0
3.5750           0.0688       0.0314       0.0374   289.2
3.6000           0.0696       0.0314       0.0382   295.9
3.6250           0.0704       0.0344       0.0360   278.4
3.6500           0.0704       0.0376       0.0328   254.1
3.6750           0.0705       0.0382       0.0323   249.8
3.7000           0.0697       0.0374       0.0324   250.3
3.7250           0.0699       0.0358       0.0341   264.1
3.7500           0.0699       0.0352       0.0347   268.2
3.7750           0.0695       0.0357       0.0339   262.2
3.8000           0.0694       0.0342       0.0353   273.1
3.8250           0.0690       0.0328       0.0362   280.0
3.8500           0.0693       0.0335       0.0358   276.7
3.8750           0.0689       0.0348       0.0341   263.7
3.9000           0.0685       0.0350       0.0334   258.8
3.9250           0.0688       0.0352       0.0336   259.8
3.9500           0.0677       0.0359       0.0319   246.4
3.9750           0.0683       0.0353       0.0329   254.9
4.0000           0.0681       0.0338       0.0343   265.3
4.0250           0.0687       0.0335       0.0352   272.5
4.0500           0.0685       0.0345       0.0340   263.2
4.0750           0.0689       0.0350       0.0339   262.2
4.1000           0.0685       0.0350       0.0335   258.9
4.1250           0.0685       0.0346       0.0339   262.6
4.1500           0.0680       0.0352       0.0328   254.1
4.1750           0.0681       0.0357       0.0324   250.8
4.2000           0.0683       0.0346       0.0337   260.5
4.2250           0.0678       0.0338       0.0340   263.0
4.2500           0.0682       0.0335       0.0347   268.3
4.2750           0.0692       0.0342       0.0350   271.1
4.3000           0.0688       0.0349       0.0339   262.2
4.3250           0.0690       0.0340       0.0350   270.4
4.3500           0.0687       0.0329       0.0358   277.2
4.3750           0.0693       0.0332       0.0361   279.3
4.4000           0.0687       0.0349       0.0338   261.2
4.4250           0.0685       0.0357       0.0327   253.2
4.4500           0.0682       0.0347       0.0335   259.2
4.4750           0.0681       0.0345       0.0336   260.2
4.5000           0.0685       0.0352       0.0333   257.4
4.5250           0.0687       0.0351       0.0336   260.1
4.5500           0.0686       0.0344       0.0342   264.2
4.5750           0.0688       0.0338       0.0350   271.0
4.6000           0.0692       0.0345       0.0347   268.8
4.6250           0.0699       0.0356       0.0343   265.0
4.6500           0.0703       0.0339       0.0364   281.3
4.6750           0.0701       0.0330       0.0371   286.9
4.7000           0.0695       0.0346       0.0348   269.3
4.7250           0.0695       0.0364       0.0331   256.0
4.7500           0.0704       0.0369       0.0336   259.8
4.7750           0.0707       0.0355       0.0352   272.1
4.8000           0.0708       0.0349       0.0359   277.4
4.8250           0.0701       0.0362       0.0339   262.3
4.8500           0.0699       0.0373       0.0326   252.1
4.8750           0.0702       0.0362       0.0340   262.8
4.9000           0.0699       0.0350       0.0349   270.0
4.9250           0.0698       0.0353       0.0346   267.3
4.9500           0.0702       0.0355       0.0347   268.8
4.9750           0.0693       0.0343       0.0350   270.6
5.0000           0.0685       0.0326       0.0359   277.9
5.0250           0.0688       0.0325       0.0363   280.8
5.0500           0.0689       0.0332       0.0357   276.6
5.0750           0.0693       0.0343       0.0350   270.6
5.1000           0.0700       0.0352       0.0349   269.8
5.1250           0.0702       0.0346       0.0356   275.8
5.1500           0.0706       0.0349       0.0357   276.5
5.1750           0.0701       0.0366       0.0336   259.7
5.2000           0.0699       0.0378       0.0321   248.7
5.2250           0.0699       0.0370       0.0329   254.5
5.2500           0.0692       0.0358       0.0335   258.9
5.2750           0.0698       0.0355       0.0343   265.4
5.3000           0.0694       0.0355       0.0339   262.2
5.3250           0.0693       0.0361       0.0332   256.9
5.3500           0.0701       0.0362       0.0339   262.1
5.3750           0.0699       0.0353       0.0347   268.2
5.4000           0.0701       0.0345       0.0356   275.4
5.4250           0.0699       0.0347       0.0352   272.4
5.4500           0.0700       0.0361       0.0339   262.5
5.4750           0.0698       0.0367       0.0331   256.4
5.5000           0.0702       0.0349       0.0353   273.0
5.5250           0.0717       0.0335       0.0382   295.5
5.5500           0.0719       0.0356       0.0363   280.6
5.5750           0.0712       0.0377       0.0335   259.3
5.6000           0.0713       0.0371       0.0342   264.4
5.6250           0.0717       0.0362       0.0355   274.4
5.6500           0.0717       0.0363       0.0354   274.0
5.6750           0.0718       0.0374       0.0344   266.2
5.7000           0.0714       0.0382       0.0332   256.9
5.7250           0.0716       0.0368       0.0348   269.1
5.7500           0.0717       0.0356       0.0361   279.6
5.7750           0.0716       0.0363       0.0353   273.1
5.8000           0.0712       0.0370       0.0343   265.0
5.8250           0.0714       0.0350       0.0364   281.9
5.8500           0.0711       0.0332       0.0379   293.0
5.8750           0.0711       0.0349       0.0362   280.4
5.9000           0.0714       0.0372       0.0342   264.9
5.9250           0.0714       0.0376       0.0337   260.9
5.9500           0.0706       0.0358       0.0348   269.5
5.9750           0.0709       0.0337       0.0372   287.5
6.0000           0.0716       0.0346       0.0370   286.4
6.0250           0.0724       0.0375       0.0349   270.0
6.0500           0.0721       0.0387       0.0333   257.7
6.0750           0.0722       0.0365       0.0357   276.1
6.1000           0.0722       0.0346       0.0376   291.2
6.1250           0.0730       0.0350       0.0380   294.1
6.1500           0.0733       0.0370       0.0363   280.8
6.1750           0.0732       0.0390       0.0342   264.6
6.2000           0.0733       0.0388       0.0346   267.6
6.2250           0.0736       0.0371       0.0364   281.8
6.2500           0.0739       0.0366       0.0374   289.0
6.2750           0.0742       0.0357       0.0385   297.9
6.3000           0.0737       0.0356       0.0382   295.4
6.3250           0.0737       0.0374       0.0363   281.0
6.3500           0.0737       0.0384       0.0353   273.0
6.3750           0.0743       0.0368       0.0375   290.1
6.4000           0.0747       0.0358       0.0389   301.1
6.4250           0.0751       0.0374       0.0377   291.7
6.4500           0.0750       0.0390       0.0359   278.1
6.4750           0.0749       0.0397       0.0352   272.4
6.5000           0.0755       0.0393       0.0361   279.6
6.5250           0.0753       0.0381       0.0372   287.9
6.5500           0.0755       0.0365       0.0390   302.0
6.5750           0.0765       0.0370       0.0394   305.2
6.6000           0.0758       0.0381       0.0377   291.4
6.6250           0.0756       0.0378       0.0378   292.2
6.6500           0.0756       0.0378       0.0378   292.1
6.6750           0.0752       0.0392       0.0359   277.9
6.7000           0.0757       0.0398       0.0359   277.4
6.7250           0.0753       0.0370       0.0383   296.4
6.7500           0.0747       0.0351       0.0396   306.2
6.7750           0.0748       0.0380       0.0367   284.3
6.8000           0.0751       0.0416       0.0334   258.7
6.8250           0.0750       0.0408       0.0342   264.5
6.8500           0.0751       0.0389       0.0362   280.1
6.8750           0.0753       0.0383       0.0369   285.8
6.9000           0.0754       0.0377       0.0377   291.7
6.9250           0.0752       0.0371       0.0380   294.2
6.9500           0.0757       0.0376       0.0381   294.4
6.9750           0.0752       0.0371       0.0381   294.9
7.0000           0.0757       0.0357       0.0400   309.5
7.0250           0.0755       0.0367       0.0388   300.3
7.0500           0.0757       0.0382       0.0375   290.1
7.0750           0.0750       0.0381       0.0369   285.4
7.1000           0.0751       0.0372       0.0379   293.2
7.1250           0.0751       0.0377       0.0374   289.3
7.1500           0.0742       0.0396       0.0346   267.6
7.1750           0.0739       0.0397       0.0342   264.4
7.2000           0.0742       0.0373       0.0369   285.4
7.2250           0.0737       0.0367       0.0370   286.4
7.2500           0.0739       0.0379       0.0361   279.0
7.2750           0.0746       0.0368       0.0378   292.5
7.3000           0.0750       0.0346       0.0404   312.4
7.3250           0.0751       0.0348       0.0403   311.9
7.3500           0.0751       0.0370       0.0381   294.7
7.3750           0.0749       0.0379       0.0370   286.1
7.4000           0.0755       0.0370       0.0385   297.7
7.4250           0.0754       0.0379       0.0375   290.4
7.4500           0.0756       0.0395       0.0361   279.1
7.4750           0.0757       0.0396       0.0361   279.3
7.5000           0.0759       0.0395       0.0364   281.8
7.5250           0.0761       0.0389       0.0372   287.9
7.5500           0.0763       0.0381       0.0382   295.6
7.5750           0.0765       0.0384       0.0381   294.7
7.6000           0.0775       0.0387       0.0388   300.1
7.6250           0.0777       0.0385       0.0392   303.4
7.6500           0.0783       0.0376       0.0407   315.1
7.6750           0.0781       0.0373       0.0408   315.8
7.7000           0.0788       0.0383       0.0405   313.5
7.7250           0.0787       0.0410       0.0377   291.6
7.7500           0.0785       0.0435       0.0350   270.7
7.7750           0.0785       0.0424       0.0361   279.0
7.8000           0.0786       0.0392       0.0394   304.7
7.8250           0.0789       0.0382       0.0406   314.5
7.8500           0.0782       0.0392       0.0389   301.1
7.8750           0.0788       0.0381       0.0407   315.2
7.9000           0.0786       0.0364       0.0422   326.5
7.9250           0.0785       0.0380       0.0406   313.8
7.9500           0.0793       0.0415       0.0379   293.0
7.9750           0.0791       0.0422       0.0369   285.3
8.0000           0.0792       0.0407       0.0385   297.9
8.0250           0.0784       0.0399       0.0385   297.7
8.0500           0.0791       0.0394       0.0396   306.7
8.0750           0.0793       0.0388       0.0404   312.8
8.1000           0.0788       0.0393       0.0396   306.1
8.1250           0.0787       0.0407       0.0381   294.4
8.1500           0.0789       0.0425       0.0364   281.6
8.1750           0.0791       0.0423       0.0368   284.5
8.2000           0.0788       0.0402       0.0386   298.5
8.2250           0.0798       0.0387       0.0411   317.9
8.2500           0.0806       0.0394       0.0412   319.1
8.2750           0.0807       0.0414       0.0393   304.3
8.3000           0.0801       0.0418       0.0383   296.7
8.3250           0.0797       0.0402       0.0395   305.3
8.3500           0.0795       0.0394       0.0401   310.0
8.3750           0.0795       0.0400       0.0394   304.9
8.4000           0.0794       0.0401       0.0392   303.6
8.4250           0.0791       0.0395       0.0396   306.0
8.4500           0.0789       0.0391       0.0399   308.4
8.4750           0.0789       0.0393       0.0396   306.5
8.5000           0.0782       0.0382       0.0400   309.6
8.5250           0.0782       0.0364       0.0418   323.5
8.5500           0.0773       0.0388       0.0385   298.1
8.5750           0.0774       0.0421       0.0353   273.1
8.6000           0.0774       0.0407       0.0368   284.4
8.6250           0.0774       0.0377       0.0398   307.5
8.6500           0.0769       0.0381       0.0388   299.8
8.6750           0.0765       0.0402       0.0363   280.7
8.7000           0.0762       0.0407       0.0355   274.6
8.7250           0.0762       0.0386       0.0376   291.1
8.7500           0.0770       0.0369       0.0400   309.7
8.7750           0.0777       0.0374       0.0404   312.2
8.8000           0.0775       0.0380       0.0395   305.6
8.8250           0.0781       0.0377       0.0404   312.9
8.8500           0.0787       0.0384       0.0403   311.7
8.8750           0.0785       0.0405       0.0380   293.9
8.9000           0.0791       0.0411       0.0380   294.0
8.9250           0.0795       0.0401       0.0394   304.9
8.9500           0.0799       0.0389       0.0410   317.2
8.9750           0.0802       0.0419       0.0383   296.3
9.0000           0.0795       0.0444       0.0351   271.8
9.0250           0.0795       0.0418       0.0376   291.2
9.0500           0.0796       0.0387       0.0409   316.8
9.0750           0.0788       0.0383       0.0405   313.6
9.1000           0.0795       0.0396       0.0399   308.5
9.1250           0.0791       0.0399       0.0392   303.2
9.1500           0.0791       0.0391       0.0399   309.0
9.1750           0.0791       0.0392       0.0399   308.6
9.2000           0.0789       0.0398       0.0391   302.1
9.2250           0.0789       0.0398       0.0391   302.3
9.2500           0.0784       0.0395       0.0389   300.7
9.2750           0.0785       0.0398       0.0387   299.2
9.3000           0.0784       0.0408       0.0376   290.8
9.3250           0.0790       0.0413       0.0377   291.5
9.3500           0.0792       0.0406       0.0386   298.9
9.3750           0.0790       0.0399       0.0391   302.7
9.4000           0.0783       0.0389       0.0394   304.5
9.4250           0.0778       0.0379       0.0399   308.4
9.4500           0.0781       0.0387       0.0393   304.4
9.4750           0.0785       0.0396       0.0389   301.1
9.5000           0.0783       0.0397       0.0386   298.3
9.5250           0.0787       0.0401       0.0386   298.8
9.5500           0.0791       0.0398       0.0392   303.6
9.5750           0.0790       0.0395       0.0396   306.1
9.6000           0.0784       0.0401       0.0382   295.9
9.6250           0.0782       0.0408       0.0374   289.3
9.6500           0.0789       0.0403       0.0386   298.5
9.6750           0.0792       0.0392       0.0400   309.1
9.7000           0.0787       0.0389       0.0398   307.6
9.7250           0.0782       0.0409       0.0373   288.4
9.7500           0.0783       0.0427       0.0357   275.9
9.7750           0.0778       0.0420       0.0357   276.3
9.8000           0.0773       0.0399       0.0375   290.0
9.8250           0.0778       0.0376       0.0402   311.3
9.8500           0.0775       0.0373       0.0402   310.9
9.8750           0.0771       0.0389       0.0381   295.1
9.9000           0.0772       0.0385       0.0387   299.1
9.9250           0.0768       0.0372       0.0395   305.8
9.9500           0.0765       0.0372       0.0393   303.9
9.9750           0.0767       0.0380       0.0386   299.0
10.0000          0.0762       0.0397       0.0365   282.3
