Time[ps]    Etot/N[eV]   Epot/N[eV]   Ekin/N[eV]    T[K]
0.0000           0.0822       0.0000       0.0822   636.1
0.0250           0.0814       0.0351       0.0462   357.8
0.0500           0.0819       0.0461       0.0357   276.3
0.0750           0.0822       0.0362       0.0460   355.8
0.1000           0.0819       0.0525       0.0294   227.4
0.1250           0.0826       0.0512       0.0313   242.5
0.1500           0.0833       0.0435       0.0398   307.8
0.1750           0.0834       0.0494       0.0340   263.2
0.2000           0.0835       0.0380       0.0454   351.6
0.2250           0.0835       0.0356       0.0478   370.1
0.2500           0.0841       0.0424       0.0417   322.9
0.2750           0.0849       0.0402       0.0447   346.0
0.3000           0.0853       0.0443       0.0410   317.3
0.3250           0.0852       0.0485       0.0367   284.2
0.3500           0.0858       0.0450       0.0408   315.8
0.3750           0.0856       0.0446       0.0411   317.8
0.4000           0.0852       0.0437       0.0415   321.0
0.4250           0.0856       0.0412       0.0444   343.2
0.4500           0.0856       0.0403       0.0453   350.6
0.4750           0.0855       0.0397       0.0458   354.1
0.5000           0.0862       0.0390       0.0471   364.6
0.5250           0.0859       0.0437       0.0421   325.8
0.5500           0.0858       0.0440       0.0418   323.8
0.5750           0.0864       0.0392       0.0472   365.2
0.6000           0.0867       0.0456       0.0411   317.9
0.6250           0.0872       0.0462       0.0410   317.1
0.6500           0.0869       0.0401       0.0468   362.1
0.6750           0.0875       0.0441       0.0434   335.6
0.7000           0.0878       0.0451       0.0427   330.3
0.7250           0.0879       0.0425       0.0455   351.9
0.7500           0.0881       0.0456       0.0425   328.8
0.7750           0.0882       0.0443       0.0439   339.3
0.8000           0.0880       0.0444       0.0436   337.4
0.8250           0.0885       0.0441       0.0444   343.7
0.8500           0.0887       0.0431       0.0456   352.6
0.8750           0.0882       0.0423       0.0459   355.1
0.9000           0.0878       0.0435       0.0443   342.9
0.9250           0.0884       0.0443       0.0441   341.4
0.9500           0.0894       0.0453       0.0441   341.2
0.9750           0.0898       0.0460       0.0438   338.7
1.0000           0.0897       0.0449       0.0449   347.1
1.0250           0.0896       0.0434       0.0462   357.2
1.0500           0.0894       0.0456       0.0438   339.2
1.0750           0.0896       0.0439       0.0457   353.4
1.1000           0.0896       0.0452       0.0444   343.3
1.1250           0.0898       0.0449       0.0449   347.1
1.1500           0.0896       0.0427       0.0469   362.9
1.1750           0.0902       0.0447       0.0456   352.6
1.2000           0.0907       0.0456       0.0451   348.8
1.2250           0.0905       0.0440       0.0465   359.6
1.2500           0.0909       0.0452       0.0457   353.2
1.2750           0.0902       0.0455       0.0447   345.7
1.3000           0.0915       0.0451       0.0464   359.1
1.3250           0.0919       0.0471       0.0448   346.3
1.3500           0.0927       0.0468       0.0459   354.9
1.3750           0.0931       0.0480       0.0451   349.0
1.4000           0.0939       0.0499       0.0440   340.0
1.4250           0.0941       0.0486       0.0455   351.7
1.4500           0.0941       0.0461       0.0481   372.0
1.4750           0.0938       0.0466       0.0472   364.8
1.5000           0.0933       0.0452       0.0480   371.7
1.5250           0.0937       0.0454       0.0483   373.7
1.5500           0.0938       0.0457       0.0480   371.6
1.5750           0.0931       0.0452       0.0479   370.3
1.6000           0.0923       0.0462       0.0461   356.5
1.6250           0.0922       0.0481       0.0441   341.4
1.6500           0.0927       0.0459       0.0468   361.8
1.6750           0.0930       0.0467       0.0464   358.6
1.7000           0.0935       0.0468       0.0467   361.3
1.7250           0.0932       0.0450       0.0482   372.8
1.7500           0.0933       0.0460       0.0472   365.4
1.7750           0.0927       0.0495       0.0432   334.6
1.8000           0.0933       0.0455       0.0478   369.7
1.8250           0.0936       0.0460       0.0476   368.0
1.8500           0.0947       0.0485       0.0461   356.7
1.8750           0.0943       0.0429       0.0514   397.4
1.9000           0.0943       0.0439       0.0504   389.8
1.9250           0.0942       0.0485       0.0457   353.9
1.9500           0.0929       0.0461       0.0468   362.2
1.9750           0.0934       0.0478       0.0456   352.9
2.0000           0.0939       0.0507       0.0432   334.3
2.0250           0.0941       0.0473       0.0468   362.0
2.0500           0.0947       0.0469       0.0478   369.7
2.0750           0.0943       0.0470       0.0473   365.7
2.1000           0.0948       0.0449       0.0499   386.2
2.1250           0.0951       0.0459       0.0492   380.2
2.1500           0.0953       0.0499       0.0453   350.8
2.1750           0.0946       0.0484       0.0462   357.1
2.2000           0.0943       0.0465       0.0477   369.2
2.2250           0.0942       0.0488       0.0454   351.0
2.2500           0.0940       0.0478       0.0461   356.9
2.2750           0.0937       0.0467       0.0471   364.3
2.3000           0.0934       0.0480       0.0454   351.2
2.3250           0.0933       0.0473       0.0460   356.2
2.3500           0.0939       0.0446       0.0493   381.4
2.3750           0.0939       0.0460       0.0480   371.0
2.4000           0.0941       0.0470       0.0470   364.0
2.4250           0.0949       0.0459       0.0491   379.6
2.4500           0.0960       0.0470       0.0490   379.0
2.4750           0.0962       0.0486       0.0476   368.1
2.5000           0.0960       0.0476       0.0484   374.6
2.5250           0.0961       0.0485       0.0476   368.1
2.5500           0.0955       0.0478       0.0476   368.5
2.5750           0.0960       0.0471       0.0489   378.3
2.6000           0.0960       0.0473       0.0487   376.7
2.6250           0.0965       0.0479       0.0486   375.9
2.6500           0.0967       0.0479       0.0487   377.1
2.6750           0.0965       0.0485       0.0480   371.4
2.7000           0.0966       0.0502       0.0464   359.2
2.7250           0.0974       0.0491       0.0484   374.1
2.7500           0.0975       0.0484       0.0491   379.8
2.7750           0.0978       0.0498       0.0480   371.5
2.8000           0.0975       0.0481       0.0494   382.0
2.8250           0.0976       0.0457       0.0519   401.4
2.8500           0.0979       0.0480       0.0499   385.7
2.8750           0.0974       0.0483       0.0491   379.7
2.9000           0.0981       0.0490       0.0492   380.3
2.9250           0.0987       0.0500       0.0488   377.3
2.9500           0.0980       0.0501       0.0480   371.1
2.9750           0.0980       0.0492       0.0488   377.7
3.0000           0.0979       0.0490       0.0489   378.6
3.0250           0.0983       0.0489       0.0493   381.6
3.0500           0.0986       0.0483       0.0503   389.0
3.0750           0.0987       0.0482       0.0506   391.1
3.1000           0.0988       0.0499       0.0489   377.9
3.1250           0.0981       0.0513       0.0467   361.6
3.1500           0.0980       0.0476       0.0505   390.6
3.1750           0.0974       0.0499       0.0475   367.1
3.2000           0.0973       0.0503       0.0470   363.8
3.2250           0.0980       0.0472       0.0508   392.9
3.2500           0.0987       0.0481       0.0506   391.5
3.2750           0.0987       0.0492       0.0495   383.1
3.3000           0.0989       0.0495       0.0495   382.6
3.3250           0.0995       0.0505       0.0490   379.0
3.3500           0.0993       0.0499       0.0495   382.7
3.3750           0.0991       0.0473       0.0517   400.3
3.4000           0.0991       0.0497       0.0494   382.0
3.4250           0.0999       0.0488       0.0512   395.8
3.4500           0.0998       0.0492       0.0506   391.3
3.4750           0.1003       0.0526       0.0477   369.2
3.5000           0.1001       0.0512       0.0488   377.7
3.5250           0.1008       0.0490       0.0518   400.8
3.5500           0.1005       0.0507       0.0498   385.1
3.5750           0.0996       0.0477       0.0519   401.5
3.6000           0.0991       0.0484       0.0507   392.2
3.6250           0.0998       0.0508       0.0490   378.8
3.6500           0.1000       0.0499       0.0501   387.8
3.6750           0.1004       0.0519       0.0486   375.7
3.7000           0.1004       0.0529       0.0474   367.1
3.7250           0.1012       0.0502       0.0511   395.1
3.7500           0.1007       0.0504       0.0503   389.1
3.7750           0.1011       0.0492       0.0519   401.6
3.8000           0.1003       0.0469       0.0534   412.9
3.8250           0.1000       0.0502       0.0498   385.2
3.8500           0.1006       0.0518       0.0488   377.6
3.8750           0.1007       0.0505       0.0501   387.9
3.9000           0.1005       0.0505       0.0500   386.8
3.9250           0.1011       0.0511       0.0500   386.6
3.9500           0.1013       0.0507       0.0505   391.0
3.9750           0.1008       0.0511       0.0497   384.2
4.0000           0.1012       0.0506       0.0506   391.3
4.0250           0.1019       0.0520       0.0499   386.2
4.0500           0.1027       0.0510       0.0517   399.8
4.0750           0.1026       0.0499       0.0527   407.7
4.1000           0.1026       0.0509       0.0517   399.8
4.1250           0.1032       0.0526       0.0506   391.6
4.1500           0.1033       0.0509       0.0524   405.6
4.1750           0.1034       0.0510       0.0523   404.8
4.2000           0.1031       0.0542       0.0489   378.6
4.2250           0.1036       0.0520       0.0516   399.3
4.2500           0.1038       0.0507       0.0530   410.4
4.2750           0.1031       0.0539       0.0491   380.2
4.3000           0.1027       0.0529       0.0497   384.8
4.3250           0.1021       0.0493       0.0528   408.3
4.3500           0.1018       0.0499       0.0519   401.5
4.3750           0.1022       0.0507       0.0515   398.2
4.4000           0.1028       0.0503       0.0524   405.6
4.4250           0.1032       0.0528       0.0504   390.2
4.4500           0.1032       0.0525       0.0507   392.4
4.4750           0.1031       0.0517       0.0513   397.2
4.5000           0.1036       0.0542       0.0494   381.9
4.5250           0.1034       0.0522       0.0512   396.4
4.5500           0.1031       0.0508       0.0524   405.1
4.5750           0.1033       0.0519       0.0514   397.7
4.6000           0.1037       0.0515       0.0522   404.2
4.6250           0.1040       0.0530       0.0511   395.1
4.6500           0.1045       0.0532       0.0513   396.9
4.6750           0.1043       0.0519       0.0524   405.6
4.7000           0.1040       0.0513       0.0527   407.8
4.7250           0.1048       0.0505       0.0543   420.2
4.7500           0.1052       0.0521       0.0531   410.9
4.7750           0.1043       0.0533       0.0509   393.9
4.8000           0.1040       0.0506       0.0534   413.2
4.8250           0.1044       0.0527       0.0517   399.9
4.8500           0.1042       0.0560       0.0482   372.8
4.8750           0.1046       0.0536       0.0510   394.8
4.9000           0.1035       0.0510       0.0524   405.8
4.9250           0.1035       0.0515       0.0520   402.6
4.9500           0.1033       0.0526       0.0507   392.2
4.9750           0.1040       0.0503       0.0537   415.7
5.0000           0.1040       0.0496       0.0544   421.2
5.0250           0.1041       0.0513       0.0528   408.1
5.0500           0.1043       0.0520       0.0523   404.5
5.0750           0.1043       0.0522       0.0522   403.6
5.1000           0.1040       0.0539       0.0501   387.8
5.1250           0.1049       0.0527       0.0522   404.1
5.1500           0.1053       0.0535       0.0518   401.1
5.1750           0.1051       0.0509       0.0543   419.7
5.2000           0.1055       0.0514       0.0542   419.1
5.2250           0.1057       0.0530       0.0527   407.8
5.2500           0.1061       0.0514       0.0547   423.1
5.2750           0.1056       0.0531       0.0525   405.8
5.3000           0.1057       0.0549       0.0508   393.3
5.3250           0.1057       0.0514       0.0543   419.8
5.3500           0.1051       0.0545       0.0506   391.8
5.3750           0.1045       0.0547       0.0497   384.7
5.4000           0.1046       0.0508       0.0538   416.1
5.4250           0.1043       0.0516       0.0526   407.2
5.4500           0.1041       0.0498       0.0543   419.9
5.4750           0.1033       0.0507       0.0526   407.1
5.5000           0.1033       0.0528       0.0505   390.6
5.5250           0.1035       0.0506       0.0529   409.6
5.5500           0.1031       0.0521       0.0510   394.9
5.5750           0.1029       0.0544       0.0485   374.9
5.6000           0.1020       0.0531       0.0489   378.2
5.6250           0.1018       0.0496       0.0521   403.1
5.6500           0.1018       0.0521       0.0497   384.9
5.6750           0.1022       0.0499       0.0523   404.6
5.7000           0.1028       0.0472       0.0556   430.3
5.7250           0.1026       0.0504       0.0522   403.7
5.7500           0.1025       0.0510       0.0516   398.9
5.7750           0.1030       0.0505       0.0525   406.1
5.8000           0.1030       0.0538       0.0492   380.5
5.8250           0.1033       0.0533       0.0499   386.4
5.8500           0.1035       0.0502       0.0533   412.2
5.8750           0.1033       0.0517       0.0517   399.9
5.9000           0.1037       0.0516       0.0521   402.8
5.9250           0.1043       0.0492       0.0551   426.2
5.9500           0.1041       0.0489       0.0552   427.2
5.9750           0.1043       0.0519       0.0524   405.6
6.0000           0.1043       0.0549       0.0494   381.8
6.0250           0.1035       0.0566       0.0468   362.3
6.0500           0.1036       0.0531       0.0506   391.1
6.0750           0.1036       0.0519       0.0517   400.2
6.1000           0.1037       0.0497       0.0540   417.5
6.1250           0.1033       0.0477       0.0556   430.5
6.1500           0.1038       0.0497       0.0541   418.5
6.1750           0.1043       0.0512       0.0531   410.6
6.2000           0.1047       0.0527       0.0519   401.8
6.2250           0.1040       0.0551       0.0489   378.4
6.2500           0.1038       0.0550       0.0488   377.3
6.2750           0.1028       0.0524       0.0505   390.3
6.3000           0.1023       0.0510       0.0513   397.1
6.3250           0.1019       0.0495       0.0524   405.4
6.3500           0.1013       0.0462       0.0551   426.1
6.3750           0.1017       0.0471       0.0547   422.8
6.4000           0.1020       0.0496       0.0525   405.9
6.4250           0.1022       0.0516       0.0507   392.0
6.4500           0.1024       0.0535       0.0488   377.6
6.4750           0.1020       0.0543       0.0477   368.9
6.5000           0.1017       0.0503       0.0514   398.0
6.5250           0.1020       0.0536       0.0484   374.7
6.5500           0.1015       0.0504       0.0511   395.6
6.5750           0.1017       0.0470       0.0548   423.8
6.6000           0.1020       0.0481       0.0539   416.8
6.6250           0.1018       0.0499       0.0519   401.1
6.6500           0.1018       0.0498       0.0520   402.1
6.6750           0.1021       0.0519       0.0502   388.4
6.7000           0.1023       0.0518       0.0505   390.4
6.7250           0.1019       0.0520       0.0499   386.0
6.7500           0.1017       0.0520       0.0497   384.5
6.7750           0.1009       0.0514       0.0495   382.6
6.8000           0.1013       0.0515       0.0498   385.1
6.8250           0.1019       0.0515       0.0504   389.6
6.8500           0.1017       0.0495       0.0522   404.1
6.8750           0.1016       0.0502       0.0515   398.1
6.9000           0.1011       0.0497       0.0514   397.5
6.9250           0.1012       0.0500       0.0512   396.0
6.9500           0.1017       0.0497       0.0520   401.9
6.9750           0.1013       0.0481       0.0532   411.2
7.0000           0.1017       0.0504       0.0513   397.0
7.0250           0.1023       0.0536       0.0487   376.4
7.0500           0.1021       0.0520       0.0501   387.9
7.0750           0.1015       0.0506       0.0509   393.9
7.1000           0.1026       0.0518       0.0508   392.7
7.1250           0.1026       0.0529       0.0497   384.7
7.1500           0.1033       0.0503       0.0530   409.9
7.1750           0.1032       0.0511       0.0521   402.9
7.2000           0.1033       0.0522       0.0511   395.3
7.2250           0.1026       0.0507       0.0519   401.6
7.2500           0.1019       0.0500       0.0518   401.1
7.2750           0.1017       0.0497       0.0521   402.7
7.3000           0.1016       0.0498       0.0518   400.7
7.3250           0.1021       0.0513       0.0508   392.6
7.3500           0.1024       0.0518       0.0505   391.0
7.3750           0.1025       0.0514       0.0511   395.3
7.4000           0.1021       0.0517       0.0504   390.2
7.4250           0.1012       0.0521       0.0491   380.0
7.4500           0.1012       0.0514       0.0498   385.6
7.4750           0.1012       0.0483       0.0529   409.4
7.5000           0.1007       0.0499       0.0508   393.0
7.5250           0.1009       0.0507       0.0502   388.7
7.5500           0.1010       0.0508       0.0501   388.0
7.5750           0.1011       0.0501       0.0510   394.5
7.6000           0.1017       0.0512       0.0504   390.1
7.6250           0.1011       0.0506       0.0505   390.4
7.6500           0.1007       0.0514       0.0493   381.3
7.6750           0.1014       0.0515       0.0499   386.3
7.7000           0.1016       0.0507       0.0509   393.6
7.7250           0.1014       0.0521       0.0493   381.1
7.7500           0.1019       0.0508       0.0511   395.4
7.7750           0.1015       0.0518       0.0498   384.9
7.8000           0.1023       0.0507       0.0515   398.6
7.8250           0.1023       0.0498       0.0524   405.5
7.8500           0.1024       0.0519       0.0505   390.5
7.8750           0.1024       0.0488       0.0537   415.3
7.9000           0.1024       0.0488       0.0536   414.6
7.9250           0.1027       0.0534       0.0493   381.5
7.9500           0.1033       0.0502       0.0531   410.9
7.9750           0.1041       0.0502       0.0538   416.3
8.0000           0.1041       0.0543       0.0498   385.1
8.0250           0.1048       0.0511       0.0537   415.2
8.0500           0.1048       0.0529       0.0520   402.0
8.0750           0.1050       0.0554       0.0497   384.2
8.1000           0.1058       0.0496       0.0562   435.1
8.1250           0.1060       0.0520       0.0541   418.4
8.1500           0.1054       0.0552       0.0501   387.7
8.1750           0.1059       0.0512       0.0547   423.2
8.2000           0.1053       0.0540       0.0514   397.4
8.2250           0.1056       0.0546       0.0510   394.3
8.2500           0.1058       0.0532       0.0526   406.8
8.2750           0.1059       0.0528       0.0532   411.3
8.3000           0.1050       0.0497       0.0552   427.2
8.3250           0.1048       0.0528       0.0520   402.4
8.3500           0.1048       0.0513       0.0535   413.7
8.3750           0.1046       0.0506       0.0540   418.0
8.4000           0.1048       0.0517       0.0531   411.1
8.4250           0.1046       0.0533       0.0513   397.0
8.4500           0.1045       0.0526       0.0519   401.6
8.4750           0.1042       0.0533       0.0509   393.8
8.5000           0.1043       0.0516       0.0527   407.5
8.5250           0.1044       0.0516       0.0528   408.5
8.5500           0.1049       0.0524       0.0525   406.2
8.5750           0.1062       0.0513       0.0549   425.0
8.6000           0.1055       0.0529       0.0527   407.5
8.6250           0.1053       0.0548       0.0504   390.3
8.6500           0.1052       0.0552       0.0500   387.0
8.6750           0.1047       0.0523       0.0524   405.0
8.7000           0.1050       0.0511       0.0539   417.2
8.7250           0.1053       0.0533       0.0521   402.7
8.7500           0.1059       0.0514       0.0546   422.2
8.7750           0.1060       0.0501       0.0560   433.0
8.8000           0.1050       0.0535       0.0515   398.4
8.8250           0.1050       0.0511       0.0539   416.9
8.8500           0.1055       0.0539       0.0516   399.0
8.8750           0.1057       0.0557       0.0500   386.9
8.9000           0.1058       0.0511       0.0547   423.0
8.9250           0.1056       0.0536       0.0521   403.0
8.9500           0.1057       0.0550       0.0507   392.2
8.9750           0.1057       0.0509       0.0548   423.8
9.0000           0.1051       0.0510       0.0541   418.5
9.0250           0.1045       0.0522       0.0523   404.3
9.0500           0.1036       0.0512       0.0525   406.1
9.0750           0.1036       0.0533       0.0504   389.6
9.1000           0.1038       0.0515       0.0523   404.4
9.1250           0.1044       0.0520       0.0524   405.2
9.1500           0.1045       0.0528       0.0518   400.7
9.1750           0.1044       0.0526       0.0518   400.4
9.2000           0.1047       0.0505       0.0542   419.2
9.2250           0.1038       0.0529       0.0508   393.2
9.2500           0.1037       0.0538       0.0499   385.8
9.2750           0.1038       0.0490       0.0548   424.0
9.3000           0.1035       0.0517       0.0519   401.3
9.3250           0.1033       0.0529       0.0504   389.7
9.3500           0.1025       0.0491       0.0534   413.4
9.3750           0.1026       0.0529       0.0497   384.5
9.4000           0.1031       0.0514       0.0517   400.2
9.4250           0.1034       0.0513       0.0521   403.1
9.4500           0.1033       0.0559       0.0475   367.2
9.4750           0.1037       0.0523       0.0514   397.8
9.5000           0.1035       0.0501       0.0534   413.1
9.5250           0.1033       0.0522       0.0510   394.9
9.5500           0.1047       0.0506       0.0542   419.3
9.5750           0.1039       0.0487       0.0552   427.3
9.6000           0.1050       0.0517       0.0533   412.0
9.6250           0.1054       0.0522       0.0532   411.3
9.6500           0.1052       0.0529       0.0522   404.2
9.6750           0.1050       0.0545       0.0505   390.9
9.7000           0.1047       0.0534       0.0513   396.8
9.7250           0.1052       0.0511       0.0541   418.8
9.7500           0.1054       0.0532       0.0522   403.7
9.7750           0.1050       0.0529       0.0521   403.0
9.8000           0.1052       0.0534       0.0518   400.7
9.8250           0.1055       0.0515       0.0541   418.4
9.8500           0.1055       0.0515       0.0540   417.6
9.8750           0.1054       0.0548       0.0506   391.6
9.9000           0.1050       0.0532       0.0518   401.0
9.9250           0.1047       0.0509       0.0538   415.9
9.9500           0.1044       0.0519       0.0525   406.5
9.9750           0.1043       0.0523       0.0521   402.9
10.0000          0.1047       0.0541       0.0506   391.3
